ARM Linker, 5.03 [Build 76] [MDK-ARM Standard]

==============================================================================

Section Cross References

    startup_stm32f10x_hd.o(RESET) refers to startup_stm32f10x_hd.o(STACK) for __initial_sp
    startup_stm32f10x_hd.o(RESET) refers to startup_stm32f10x_hd.o(.text) for Reset_Handler
    startup_stm32f10x_hd.o(RESET) refers to stm32f10x_it.o(.text) for NMI_Handler
    startup_stm32f10x_hd.o(.text) refers to system_stm32f10x.o(.text) for SystemInit
    startup_stm32f10x_hd.o(.text) refers to entry.o(.ARM.Collect$$$$00000000) for __main
    system_stm32f10x.o(.text) refers to system_stm32f10x.o(.data) for SystemCoreClock
    stm32f10x_adc.o(.text) refers to stm32f10x_rcc.o(.text) for RCC_APB2PeriphResetCmd
    stm32f10x_bkp.o(.text) refers to stm32f10x_rcc.o(.text) for RCC_BackupResetCmd
    stm32f10x_can.o(.text) refers to stm32f10x_rcc.o(.text) for RCC_APB1PeriphResetCmd
    stm32f10x_cec.o(.text) refers to stm32f10x_rcc.o(.text) for RCC_APB1PeriphResetCmd
    stm32f10x_dac.o(.text) refers to stm32f10x_rcc.o(.text) for RCC_APB1PeriphResetCmd
    stm32f10x_gpio.o(.text) refers to stm32f10x_rcc.o(.text) for RCC_APB2PeriphResetCmd
    stm32f10x_i2c.o(.text) refers to stm32f10x_rcc.o(.text) for RCC_APB1PeriphResetCmd
    stm32f10x_pwr.o(.text) refers to stm32f10x_rcc.o(.text) for RCC_APB1PeriphResetCmd
    stm32f10x_rcc.o(.text) refers to stm32f10x_rcc.o(.data) for APBAHBPrescTable
    stm32f10x_spi.o(.text) refers to stm32f10x_rcc.o(.text) for RCC_APB2PeriphResetCmd
    stm32f10x_tim.o(.text) refers to stm32f10x_rcc.o(.text) for RCC_APB2PeriphResetCmd
    stm32f10x_usart.o(.text) refers to stm32f10x_rcc.o(.text) for RCC_APB2PeriphResetCmd
    stm32f10x_wwdg.o(.text) refers to stm32f10x_rcc.o(.text) for RCC_APB1PeriphResetCmd
    main.o(.text) refers to stm32f10x_gpio.o(.text) for GPIO_ResetBits
    main.o(.text) refers to bsp_spi_nrf.o(.text) for SPI_NRF_WriteReg
    main.o(.text) refers to delay.o(.text) for delay_ms
    main.o(.text) refers to misc.o(.text) for NVIC_PriorityGroupConfig
    main.o(.text) refers to stm32_i2c.o(.text) for i2cInit
    main.o(.text) refers to bsp_usart1.o(.text) for USART1_Config
    main.o(.text) refers to printf6.o(i.__0printf$6) for __2printf
    main.o(.text) refers to memcpya.o(.text) for __aeabi_memcpy4
    main.o(.text) refers to strcat.o(.text) for strcat
    main.o(.text) refers to memseta.o(.text) for __aeabi_memclr4
    main.o(.text) refers to cfrcmple.o(.text) for __aeabi_cfrcmple
    main.o(.text) refers to ffixi.o(.text) for __aeabi_f2iz
    main.o(.text) refers to printf6.o(i.__0sprintf$6) for __2sprintf
    main.o(.text) refers to inv_mpu_dmp_motion_driver.o(.text) for dmp_read_fifo
    main.o(.text) refers to fflti.o(.text) for __aeabi_i2f
    main.o(.text) refers to fdiv.o(.text) for __aeabi_fdiv
    main.o(.text) refers to fmul.o(.text) for __aeabi_fmul
    main.o(.text) refers to fadd.o(.text) for __aeabi_fadd
    main.o(.text) refers to f2d.o(.text) for __aeabi_f2d
    main.o(.text) refers to asin.o(i.asin) for asin
    main.o(.text) refers to dmul.o(.text) for __aeabi_dmul
    main.o(.text) refers to dadd.o(.text) for __aeabi_dsub
    main.o(.text) refers to d2f.o(.text) for __aeabi_d2f
    main.o(.text) refers to main.o(.data) for status
    main.o(.text) refers to main.o(.constdata) for .constdata
    main.o(.text) refers to main.o(.bss) for rxbuf
    main.o(.text) refers to atan2.o(i.atan2) for atan2
    stm32f10x_it.o(.text) refers to bsp_usart1.o(.text) for Uart1_IRQ
    bsp_usart1.o(.text) refers to stm32f10x_rcc.o(.text) for RCC_APB2PeriphClockCmd
    bsp_usart1.o(.text) refers to stm32f10x_gpio.o(.text) for GPIO_Init
    bsp_usart1.o(.text) refers to stm32f10x_usart.o(.text) for USART_Init
    bsp_usart1.o(.text) refers to bsp_usart1.o(.data) for TxCounter
    bsp_usart1.o(.text) refers to bsp_usart1.o(.bss) for TxBuffer
    bsp_spi_nrf.o(.text) refers to stm32f10x_rcc.o(.text) for RCC_APB2PeriphClockCmd
    bsp_spi_nrf.o(.text) refers to stm32f10x_gpio.o(.text) for GPIO_Init
    bsp_spi_nrf.o(.text) refers to stm32f10x_spi.o(.text) for SPI_Init
    bsp_spi_nrf.o(.text) refers to bsp_spi_nrf.o(.data) for RX_ADDRESS
    dmp.o(.text) refers to inv_mpu.o(.text) for mpu_run_self_test
    dmp.o(.text) refers to fflti.o(.text) for __aeabi_i2f
    dmp.o(.text) refers to fmul.o(.text) for __aeabi_fmul
    dmp.o(.text) refers to ffixi.o(.text) for __aeabi_f2iz
    dmp.o(.text) refers to inv_mpu_dmp_motion_driver.o(.text) for dmp_set_gyro_bias
    dmp.o(.text) refers to bsp_usart1.o(.text) for Uart1_Put_String
    dmp.o(.text) refers to dmp.o(.data) for gyro_orientation
    stm32_i2c.o(.text) refers to stm32f10x_rcc.o(.text) for RCC_APB2PeriphClockCmd
    stm32_i2c.o(.text) refers to stm32f10x_gpio.o(.text) for GPIO_Init
    inv_mpu.o(.text) refers to stm32_i2c.o(.text) for i2cwrite
    inv_mpu.o(.text) refers to delay.o(.text) for delay_ms
    inv_mpu.o(.text) refers to inv_mpu.o(.data) for st
[...]
    printf8.o(i.__0printf$8) refers to printf8.o(i._printf_core) for _printf_core
    printf8.o(i.__0printf$8) refers to bsp_usart1.o(.text) for fputc
    printf8.o(i.__0printf$8) refers to stdout.o(.data) for __stdout
    printf8.o(i.__0snprintf$8) refers to printf8.o(i._printf_core) for _printf_core
    printf8.o(i.__0snprintf$8) refers to printf8.o(i._snputc) for _snputc
    printf8.o(i.__0sprintf$8) refers to printf8.o(i._printf_core) for _printf_core
    printf8.o(i.__0sprintf$8) refers to printf8.o(i._sputc) for _sputc
    printf8.o(i.__0vfprintf$8) refers to printf8.o(i._printf_core) for _printf_core
    printf8.o(i.__0vfprintf$8) refers to bsp_usart1.o(.text) for fputc
    printf8.o(i.__0vprintf$8) refers to printf8.o(i._printf_core) for _printf_core
    printf8.o(i.__0vprintf$8) refers to bsp_usart1.o(.text) for fputc
    printf8.o(i.__0vprintf$8) refers to stdout.o(.data) for __stdout
    printf8.o(i.__0vsnprintf$8) refers to printf8.o(i._printf_core) for _printf_core
    printf8.o(i.__0vsnprintf$8) refers to printf8.o(i._snputc) for _snputc
    printf8.o(i.__0vsprintf$8) refers to printf8.o(i._printf_core) for _printf_core
    printf8.o(i.__0vsprintf$8) refers to printf8.o(i._sputc) for _sputc
    printf8.o(i._printf_core) refers to printf8.o(i._printf_pre_padding) for _printf_pre_padding
    printf8.o(i._printf_core) refers to uldiv.o(.text) for __aeabi_uldivmod
    printf8.o(i._printf_core) refers to printf8.o(i._printf_post_padding) for _printf_post_padding
    printfa.o(i.__0fprintf) refers (Special) to iusefp.o(.text) for __I$use$fp
    printfa.o(i.__0fprintf) refers to printfa.o(i._printf_core) for _printf_core
    printfa.o(i.__0fprintf) refers to bsp_usart1.o(.text) for fputc
    printfa.o(i.__0printf) refers (Special) to iusefp.o(.text) for __I$use$fp
    printfa.o(i.__0printf) refers to printfa.o(i._printf_core) for _printf_core
    printfa.o(i.__0printf) refers to bsp_usart1.o(.text) for fputc
    printfa.o(i.__0printf) refers to stdout.o(.data) for __stdout
    printfa.o(i.__0snprintf) refers (Special) to iusefp.o(.text) for __I$use$fp
    printfa.o(i.__0snprintf) refers to printfa.o(i._printf_core) for _printf_core
    printfa.o(i.__0snprintf) refers to printfa.o(i._snputc) for _snputc
    printfa.o(i.__0sprintf) refers (Special) to iusefp.o(.text) for __I$use$fp
    printfa.o(i.__0sprintf) refers to printfa.o(i._printf_core) for _printf_core
    printfa.o(i.__0sprintf) refers to printfa.o(i._sputc) for _sputc
    printfa.o(i.__0vfprintf) refers (Special) to iusefp.o(.text) for __I$use$fp
    printfa.o(i.__0vfprintf) refers to printfa.o(i._printf_core) for _printf_core
    printfa.o(i.__0vfprintf) refers to bsp_usart1.o(.text) for fputc
    printfa.o(i.__0vprintf) refers (Special) to iusefp.o(.text) for __I$use$fp
    printfa.o(i.__0vprintf) refers to printfa.o(i._printf_core) for _printf_core
    printfa.o(i.__0vprintf) refers to bsp_usart1.o(.text) for fputc
    printfa.o(i.__0vprintf) refers to stdout.o(.data) for __stdout
    printfa.o(i.__0vsnprintf) refers (Special) to iusefp.o(.text) for __I$use$fp
    printfa.o(i.__0vsnprintf) refers to printfa.o(i._printf_core) for _printf_core
    printfa.o(i.__0vsnprintf) refers to printfa.o(i._snputc) for _snputc
    printfa.o(i.__0vsprintf) refers (Special) to iusefp.o(.text) for __I$use$fp
    printfa.o(i.__0vsprintf) refers to printfa.o(i._printf_core) for _printf_core
    printfa.o(i.__0vsprintf) refers to printfa.o(i._sputc) for _sputc
    printfa.o(i._fp_digits) refers (Special) to iusefp.o(.text) for __I$use$fp
    printfa.o(i._fp_digits) refers to dmul.o(.text) for __aeabi_dmul
    printfa.o(i._fp_digits) refers to ddiv.o(.text) for __aeabi_ddiv
    printfa.o(i._fp_digits) refers to cdrcmple.o(.text) for __aeabi_cdrcmple
    printfa.o(i._fp_digits) refers to dadd.o(.text) for __aeabi_dadd
    printfa.o(i._fp_digits) refers to dfixul.o(.text) for __aeabi_d2ulz
    printfa.o(i._fp_digits) refers to uldiv.o(.text) for __aeabi_uldivmod
    printfa.o(i._printf_core) refers (Special) to iusefp.o(.text) for __I$use$fp
    printfa.o(i._printf_core) refers to printfa.o(i._printf_pre_padding) for _printf_pre_padding
    printfa.o(i._printf_core) refers to uldiv.o(.text) for __aeabi_uldivmod
    printfa.o(i._printf_core) refers to printfa.o(i._printf_post_padding) for _printf_post_padding
    printfa.o(i._printf_core) refers to printfa.o(i._fp_digits) for _fp_digits
    printfa.o(i._printf_core) refers to uidiv.o(.text) for __aeabi_uidivmod
    printfa.o(i._printf_post_padding) refers (Special) to iusefp.o(.text) for __I$use$fp
    printfa.o(i._printf_pre_padding) refers (Special) to iusefp.o(.text) for __I$use$fp
    printfa.o(i._snputc) refers (Special) to iusefp.o(.text) for __I$use$fp
    printfa.o(i._sputc) refers (Special) to iusefp.o(.text) for __I$use$fp
    fadd.o(.text) refers (Special) to iusefp.o(.text) for __I$use$fp
    fadd.o(.text) refers to fepilogue.o(.text) for _float_epilogue
    fmul.o(.text) refers (Special) to iusefp.o(.text) for __I$use$fp
    fdiv.o(.text) refers (Special) to iusefp.o(.text) for __I$use$fp
    fdiv.o(.text) refers to fepilogue.o(.text) for _float_round
    dadd.o(.text) refers (Special) to iusefp.o(.text) for __I$use$fp
    dadd.o(.text) refers to llshl.o(.text) for __aeabi_llsl
    dadd.o(.text) refers to llsshr.o(.text) for __aeabi_lasr
    dadd.o(.text) refers to depilogue.o(.text) for _double_epilogue
    dmul.o(.text) refers (Special) to iusefp.o(.text) for __I$use$fp
    dmul.o(.text) refers to depilogue.o(.text) for _double_epilogue
    fflti.o(.text) refers (Special) to iusefp.o(.text) for __I$use$fp
    fflti.o(.text) refers to fepilogue.o(.text) for _float_epilogue
    ffltui.o(.text) refers (Special) to iusefp.o(.text) for __I$use$fp
    ffltui.o(.text) refers to fepilogue.o(.text) for _float_epilogue
    ffixi.o(.text) refers (Special) to iusefp.o(.text) for __I$use$fp
    ffixui.o(.text) refers (Special) to iusefp.o(.text) for __I$use$fp
    f2d.o(.text) refers (Special) to iusefp.o(.text) for __I$use$fp
    d2f.o(.text) refers (Special) to iusefp.o(.text) for __I$use$fp
    d2f.o(.text) refers to fepilogue.o(.text) for _float_round
    cfcmple.o(.text) refers (Special) to iusefp.o(.text) for __I$use$fp
    cfrcmple.o(.text) refers (Special) to iusefp.o(.text) for __I$use$fp
    atan.o(i.__softfp_atan) refers (Special) to iusefp.o(.text) for __I$use$fp
    atan.o(i.__softfp_atan) refers to atan.o(i.atan) for atan
    atan.o(i.atan) refers (Special) to iusefp.o(.text) for __I$use$fp
    atan.o(i.atan) refers to dscalb.o(.text) for __ARM_scalbn
    atan.o(i.atan) refers to fpclassify.o(i.__ARM_fpclassify) for __ARM_fpclassify
    atan.o(i.atan) refers to dunder.o(i.__mathlib_dbl_underflow) for __mathlib_dbl_underflow
    atan.o(i.atan) refers to dadd.o(.text) for __aeabi_dadd
    atan.o(i.atan) refers to ddiv.o(.text) for __aeabi_ddiv
    atan.o(i.atan) refers to dmul.o(.text) for __aeabi_dmul
    atan.o(i.atan) refers to poly.o(i.__kernel_poly) for __kernel_poly
    atan.o(i.atan) refers to atan.o(.constdata) for .constdata
    atan.o(.constdata) refers (Special) to iusefp.o(.text) for __I$use$fp
    atan_x.o(i.____softfp_atan$lsc) refers (Special) to iusefp.o(.text) for __I$use$fp
    atan_x.o(i.____softfp_atan$lsc) refers to atan_x.o(i.__atan$lsc) for __atan$lsc
    atan_x.o(i.__atan$lsc) refers (Special) to iusefp.o(.text) for __I$use$fp
    atan_x.o(i.__atan$lsc) refers to dscalb.o(.text) for __ARM_scalbn
    atan_x.o(i.__atan$lsc) refers to dadd.o(.text) for __aeabi_dadd
    atan_x.o(i.__atan$lsc) refers to ddiv.o(.text) for __aeabi_ddiv
    atan_x.o(i.__atan$lsc) refers to dmul.o(.text) for __aeabi_dmul
    atan_x.o(i.__atan$lsc) refers to poly.o(i.__kernel_poly) for __kernel_poly
    atan_x.o(i.__atan$lsc) refers to atan_x.o(.constdata) for .constdata
    atan_x.o(.constdata) refers (Special) to iusefp.o(.text) for __I$use$fp
    dunder.o(i.__mathlib_dbl_underflow) refers to dscalb.o(.text) for __ARM_scalbn
    fpclassify.o(i.__ARM_fpclassify) refers (Special) to iusefp.o(.text) for __I$use$fp
    poly.o(i.__kernel_poly) refers (Special) to iusefp.o(.text) for __I$use$fp
    poly.o(i.__kernel_poly) refers to dmul.o(.text) for __aeabi_dmul
    poly.o(i.__kernel_poly) refers to dadd.o(.text) for __aeabi_dadd
    qnan.o(.constdata) refers (Special) to iusefp.o(.text) for __I$use$fp
    sqrt.o(i.__softfp_sqrt) refers (Special) to iusefp.o(.text) for __I$use$fp
    sqrt.o(i.__softfp_sqrt) refers to dsqrt.o(.text) for _dsqrt
    sqrt.o(i.__softfp_sqrt) refers to errno.o(i.__set_errno) for __set_errno
    sqrt.o(i.sqrt) refers (Special) to iusefp.o(.text) for __I$use$fp
    sqrt.o(i.sqrt) refers to dsqrt.o(.text) for _dsqrt
    sqrt.o(i.sqrt) refers to errno.o(i.__set_errno) for __set_errno
    sqrt_x.o(i.____softfp_sqrt$lsc) refers (Special) to iusefp.o(.text) for __I$use$fp
    sqrt_x.o(i.____softfp_sqrt$lsc) refers to cdcmple.o(.text) for __aeabi_cdcmple
    sqrt_x.o(i.____softfp_sqrt$lsc) refers to errno.o(i.__set_errno) for __set_errno
    sqrt_x.o(i.____softfp_sqrt$lsc) refers to dsqrt.o(.text) for _dsqrt
    sqrt_x.o(i.__sqrt$lsc) refers (Special) to iusefp.o(.text) for __I$use$fp
    sqrt_x.o(i.__sqrt$lsc) refers to cdcmple.o(.text) for __aeabi_cdcmple
    sqrt_x.o(i.__sqrt$lsc) refers to errno.o(i.__set_errno) for __set_errno
    sqrt_x.o(i.__sqrt$lsc) refers to dsqrt.o(.text) for _dsqrt
    entry2.o(.ARM.Collect$$$$00000001) refers to entry2.o(.ARM.Collect$$$$00002712) for __lit__00000000
    entry2.o(.ARM.Collect$$$$00002712) refers to startup_stm32f10x_hd.o(STACK) for __initial_sp
    entry2.o(__vectab_stack_and_reset_area) refers to startup_stm32f10x_hd.o(STACK) for __initial_sp
    entry2.o(__vectab_stack_and_reset_area) refers to entry.o(.ARM.Collect$$$$00000000) for __main
    entry5.o(.ARM.Collect$$$$00000004) refers to init.o(.text) for __scatterload
    entry9a.o(.ARM.Collect$$$$0000000B) refers to main.o(.text) for main
    entry9b.o(.ARM.Collect$$$$0000000C) refers to main.o(.text) for main
    uldiv.o(.text) refers to llushr.o(.text) for __aeabi_llsr
    uldiv.o(.text) refers to llshl.o(.text) for __aeabi_llsl
    errno.o(i.__aeabi_errno_addr) refers to errno.o(.data) for .data
    errno.o(i.__read_errno) refers to errno.o(.data) for .data
    errno.o(i.__set_errno) refers to errno.o(.data) for .data
    depilogue.o(.text) refers to llshl.o(.text) for __aeabi_llsl
    depilogue.o(.text) refers to llushr.o(.text) for __aeabi_llsr
    ddiv.o(.text) refers to depilogue.o(.text) for _double_round
    dfixul.o(.text) refers to llushr.o(.text) for __aeabi_llsr
    dfixul.o(.text) refers to llshl.o(.text) for __aeabi_llsl
    init.o(.text) refers to entry5.o(.ARM.Collect$$$$00000004) for __main_after_scatterload
    dsqrt.o(.text) refers to llushr.o(.text) for __aeabi_llsr
    dsqrt.o(.text) refers to depilogue.o(.text) for _double_round


==============================================================================

Removing Unused input sections from the image.

    Removing startup_stm32f10x_hd.o(HEAP), (512 bytes).
    Removing core_cm3.o(.emb_text), (32 bytes).
    Removing stm32f10x_adc.o(.text), (1102 bytes).
    Removing stm32f10x_bkp.o(.text), (196 bytes).
    Removing stm32f10x_can.o(.text), (2540 bytes).
    Removing stm32f10x_cec.o(.text), (288 bytes).
    Removing stm32f10x_crc.o(.text), (72 bytes).
    Removing stm32f10x_dac.o(.text), (396 bytes).
    Removing stm32f10x_dbgmcu.o(.text), (48 bytes).
    Removing stm32f10x_dma.o(.text), (592 bytes).
    Removing stm32f10x_exti.o(.text), (284 bytes).
    Removing stm32f10x_flash.o(.text), (1468 bytes).
    Removing stm32f10x_fsmc.o(.text), (1560 bytes).
    Removing stm32f10x_i2c.o(.text), (1028 bytes).
    Removing stm32f10x_iwdg.o(.text), (64 bytes).
    Removing stm32f10x_pwr.o(.text), (204 bytes).
    Removing stm32f10x_rtc.o(.text), (324 bytes).
    Removing stm32f10x_sdio.o(.text), (472 bytes).
    Removing stm32f10x_tim.o(.text), (3610 bytes).
    Removing stm32f10x_wwdg.o(.text), (136 bytes).
    Removing bsp_spi_nrf.o(.bss), (30 bytes).
    Removing dmp.o(.text), (1272 bytes).
    Removing dmp.o(.data), (9 bytes).
    Removing dfixul.o(.text), (48 bytes).
    Removing cdrcmple.o(.text), (40 bytes).
    Removing cdcmple.o(.text), (40 bytes).

26 unused section(s) (total 16367 bytes) removed from the image.

==============================================================================

Image Symbol Table

    Local Symbols

    Symbol Name                              Value     Ov Type        Size  Object(Section)

    ../clib/microlib/division.c              0x00000000   Number         0  ldiv.o ABSOLUTE
    ../clib/microlib/division.c              0x00000000   Number         0  uidiv.o ABSOLUTE
    ../clib/microlib/division.c              0x00000000   Number         0  uldiv.o ABSOLUTE
    ../clib/microlib/errno.c                 0x00000000   Number         0  errno.o ABSOLUTE
    ../clib/microlib/init/entry.s            0x00000000   Number         0  entry9a.o ABSOLUTE
    ../clib/microlib/init/entry.s            0x00000000   Number         0  entry7b.o ABSOLUTE
    ../clib/microlib/init/entry.s            0x00000000   Number         0  entry5.o ABSOLUTE
    ../clib/microlib/init/entry.s            0x00000000   Number         0  entry8a.o ABSOLUTE
    ../clib/microlib/init/entry.s            0x00000000   Number         0  entry8b.o ABSOLUTE
    ../clib/microlib/init/entry.s            0x00000000   Number         0  entry2.o ABSOLUTE
    ../clib/microlib/init/entry.s            0x00000000   Number         0  entry9b.o ABSOLUTE
    ../clib/microlib/init/entry.s            0x00000000   Number         0  entry10a.o ABSOLUTE
    ../clib/microlib/init/entry.s            0x00000000   Number         0  entry10b.o ABSOLUTE
    ../clib/microlib/init/entry.s            0x00000000   Number         0  entry11a.o ABSOLUTE
    ../clib/microlib/init/entry.s            0x00000000   Number         0  entry.o ABSOLUTE
    ../clib/microlib/init/entry.s            0x00000000   Number         0  entry11b.o ABSOLUTE
    ../clib/microlib/init/entry.s            0x00000000   Number         0  entry7a.o ABSOLUTE
    ../clib/microlib/longlong.c              0x00000000   Number         0  llshl.o ABSOLUTE
    ../clib/microlib/longlong.c              0x00000000   Number         0  llushr.o ABSOLUTE
    ../clib/microlib/longlong.c              0x00000000   Number         0  llsshr.o ABSOLUTE
    ../clib/microlib/printf/printf.c         0x00000000   Number         0  printf6.o ABSOLUTE
    ../clib/microlib/printf/printf.c         0x00000000   Number         0  printf1.o ABSOLUTE
    ../clib/microlib/printf/printf.c         0x00000000   Number         0  printf2.o ABSOLUTE
    ../clib/microlib/printf/printf.c         0x00000000   Number         0  printf0.o ABSOLUTE
    ../clib/microlib/printf/printf.c         0x00000000   Number         0  printfb.o ABSOLUTE
    ../clib/microlib/printf/printf.c         0x00000000   Number         0  printf7.o ABSOLUTE
    ../clib/microlib/printf/printf.c         0x00000000   Number         0  printfa.o ABSOLUTE
    ../clib/microlib/printf/printf.c         0x00000000   Number         0  printf8.o ABSOLUTE
    ../clib/microlib/printf/printf.c         0x00000000   Number         0  printf3.o ABSOLUTE
    ../clib/microlib/printf/printf.c         0x00000000   Number         0  printf4.o ABSOLUTE
    ../clib/microlib/printf/printf.c         0x00000000   Number         0  printf5.o ABSOLUTE
    ../clib/microlib/printf/stubs.s          0x00000000   Number         0  stubs.o ABSOLUTE
    ../clib/microlib/stdio/streams.c         0x00000000   Number         0  stdout.o ABSOLUTE
    ../clib/microlib/string/memcmp.c         0x00000000   Number         0  memcmp.o ABSOLUTE
    ../clib/microlib/string/memcpy.c         0x00000000   Number         0  memcpyb.o ABSOLUTE
    ../clib/microlib/string/memcpy.c         0x00000000   Number         0  memcpya.o ABSOLUTE
    ../clib/microlib/string/memset.c         0x00000000   Number         0  memseta.o ABSOLUTE
    ../clib/microlib/string/strcat.c         0x00000000   Number         0  strcat.o ABSOLUTE
    ../clib/microlib/stubs.s                 0x00000000   Number         0  iusefp.o ABSOLUTE
    ../fplib/microlib/d2f.c                  0x00000000   Number         0  d2f.o ABSOLUTE
    ../fplib/microlib/f2d.c                  0x00000000   Number         0  f2d.o ABSOLUTE
    ../fplib/microlib/fpadd.c                0x00000000   Number         0  fadd.o ABSOLUTE
    ../fplib/microlib/fpadd.c                0x00000000   Number         0  dadd.o ABSOLUTE
    ../fplib/microlib/fpdiv.c                0x00000000   Number         0  ddiv.o ABSOLUTE
    ../fplib/microlib/fpdiv.c                0x00000000   Number         0  fdiv.o ABSOLUTE
    ../fplib/microlib/fpepilogue.c           0x00000000   Number         0  depilogue.o ABSOLUTE
    ../fplib/microlib/fpepilogue.c           0x00000000   Number         0  fepilogue.o ABSOLUTE
    ../fplib/microlib/fpfix.c                0x00000000   Number         0  dfixul.o ABSOLUTE
    ../fplib/microlib/fpfix.c                0x00000000   Number         0  ffixi.o ABSOLUTE
    ../fplib/microlib/fpfix.c                0x00000000   Number         0  ffixui.o ABSOLUTE
    ../fplib/microlib/fpflt.c                0x00000000   Number         0  ffltui.o ABSOLUTE
    ../fplib/microlib/fpflt.c                0x00000000   Number         0  fflti.o ABSOLUTE
    ../fplib/microlib/fpmul.c                0x00000000   Number         0  fmul.o ABSOLUTE
    ../fplib/microlib/fpmul.c                0x00000000   Number         0  dmul.o ABSOLUTE
    ../fplib/microlib/fpscalb.c              0x00000000   Number         0  dscalb.o ABSOLUTE
    ../fplib/microlib/fpsqrt.c               0x00000000   Number         0  dsqrt.o ABSOLUTE
    ../mathlib/asin.c                        0x00000000   Number         0  asin_x.o ABSOLUTE
    ../mathlib/asin.c                        0x00000000   Number         0  asin.o ABSOLUTE
    ../mathlib/atan.c                        0x00000000   Number         0  atan.o ABSOLUTE
    ../mathlib/atan.c                        0x00000000   Number         0  atan_x.o ABSOLUTE
    ../mathlib/atan2.c                       0x00000000   Number         0  atan2_x.o ABSOLUTE
    ../mathlib/atan2.c                       0x00000000   Number         0  atan2.o ABSOLUTE
    ../mathlib/dunder.c                      0x00000000   Number         0  dunder.o ABSOLUTE
    ../mathlib/fpclassify.c                  0x00000000   Number         0  fpclassify.o ABSOLUTE
    ../mathlib/poly.c                        0x00000000   Number         0  poly.o ABSOLUTE
    ../mathlib/qnan.c                        0x00000000   Number         0  qnan.o ABSOLUTE
    ../mathlib/sqrt.c                        0x00000000   Number         0  sqrt_x.o ABSOLUTE
    ../mathlib/sqrt.c                        0x00000000   Number         0  sqrt.o ABSOLUTE
    ..\..\Libraries\CMSIS\core_cm3.c         0x00000000   Number         0  core_cm3.o ABSOLUTE
    ..\..\Libraries\CMSIS\startup\startup_stm32f10x_hd.s 0x00000000   Number         0  startup_stm32f10x_hd.o ABSOLUTE
    ..\..\Libraries\CMSIS\system_stm32f10x.c 0x00000000   Number         0  system_stm32f10x.o ABSOLUTE
    ..\..\Libraries\FWlib\src\misc.c         0x00000000   Number         0  misc.o ABSOLUTE
    ..\..\Libraries\FWlib\src\stm32f10x_adc.c 0x00000000   Number         0  stm32f10x_adc.o ABSOLUTE
    ..\..\Libraries\FWlib\src\stm32f10x_bkp.c 0x00000000   Number         0  stm32f10x_bkp.o ABSOLUTE
    ..\..\Libraries\FWlib\src\stm32f10x_can.c 0x00000000   Number         0  stm32f10x_can.o ABSOLUTE
    ..\..\Libraries\FWlib\src\stm32f10x_cec.c 0x00000000   Number         0  stm32f10x_cec.o ABSOLUTE
    ..\..\Libraries\FWlib\src\stm32f10x_crc.c 0x00000000   Number         0  stm32f10x_crc.o ABSOLUTE
    ..\..\Libraries\FWlib\src\stm32f10x_dac.c 0x00000000   Number         0  stm32f10x_dac.o ABSOLUTE
    ..\..\Libraries\FWlib\src\stm32f10x_dbgmcu.c 0x00000000   Number         0  stm32f10x_dbgmcu.o ABSOLUTE
    ..\..\Libraries\FWlib\src\stm32f10x_dma.c 0x00000000   Number         0  stm32f10x_dma.o ABSOLUTE
    ..\..\Libraries\FWlib\src\stm32f10x_exti.c 0x00000000   Number         0  stm32f10x_exti.o ABSOLUTE
    ..\..\Libraries\FWlib\src\stm32f10x_flash.c 0x00000000   Number         0  stm32f10x_flash.o ABSOLUTE
    ..\..\Libraries\FWlib\src\stm32f10x_fsmc.c 0x00000000   Number         0  stm32f10x_fsmc.o ABSOLUTE
    ..\..\Libraries\FWlib\src\stm32f10x_gpio.c 0x00000000   Number         0  stm32f10x_gpio.o ABSOLUTE
    ..\..\Libraries\FWlib\src\stm32f10x_i2c.c 0x00000000   Number         0  stm32f10x_i2c.o ABSOLUTE
    ..\..\Libraries\FWlib\src\stm32f10x_iwdg.c 0x00000000   Number         0  stm32f10x_iwdg.o ABSOLUTE
    ..\..\Libraries\FWlib\src\stm32f10x_pwr.c 0x00000000   Number         0  stm32f10x_pwr.o ABSOLUTE
    ..\..\Libraries\FWlib\src\stm32f10x_rcc.c 0x00000000   Number         0  stm32f10x_rcc.o ABSOLUTE
    ..\..\Libraries\FWlib\src\stm32f10x_rtc.c 0x00000000   Number         0  stm32f10x_rtc.o ABSOLUTE
    ..\..\Libraries\FWlib\src\stm32f10x_sdio.c 0x00000000   Number         0  stm32f10x_sdio.o ABSOLUTE
    ..\..\Libraries\FWlib\src\stm32f10x_spi.c 0x00000000   Number         0  stm32f10x_spi.o ABSOLUTE
    ..\..\Libraries\FWlib\src\stm32f10x_tim.c 0x00000000   Number         0  stm32f10x_tim.o ABSOLUTE
    ..\..\Libraries\FWlib\src\stm32f10x_usart.c 0x00000000   Number         0  stm32f10x_usart.o ABSOLUTE
    ..\..\Libraries\FWlib\src\stm32f10x_wwdg.c 0x00000000   Number         0  stm32f10x_wwdg.o ABSOLUTE
    ..\..\User\DMP.c                         0x00000000   Number         0  dmp.o ABSOLUTE
    ..\..\User\STM32_I2C.c                   0x00000000   Number         0  stm32_i2c.o ABSOLUTE
    ..\..\User\delay.c                       0x00000000   Number         0  delay.o ABSOLUTE
    ..\..\User\main.c                        0x00000000   Number         0  main.o ABSOLUTE
    ..\..\User\nrf\bsp_spi_nrf.c             0x00000000   Number         0  bsp_spi_nrf.o ABSOLUTE
    ..\..\User\stm32f10x_it.c                0x00000000   Number         0  stm32f10x_it.o ABSOLUTE
    ..\..\User\usart\bsp_usart1.c            0x00000000   Number         0  bsp_usart1.o ABSOLUTE
    ..\..\algorithm\inv_mpu.c                0x00000000   Number         0  inv_mpu.o ABSOLUTE
    ..\..\algorithm\inv_mpu_dmp_motion_driver.c 0x00000000   Number         0  inv_mpu_dmp_motion_driver.o ABSOLUTE
    ..\\..\\Libraries\\CMSIS\\core_cm3.c     0x00000000   Number         0  core_cm3.o ABSOLUTE
    cdcmple.s                                0x00000000   Number         0  cdcmple.o ABSOLUTE
    cdrcmple.s                               0x00000000   Number         0  cdrcmple.o ABSOLUTE
    cfcmple.s                                0x00000000   Number         0  cfcmple.o ABSOLUTE
    cfrcmple.s                               0x00000000   Number         0  cfrcmple.o ABSOLUTE
    dc.s                                     0x00000000   Number         0  dc.o ABSOLUTE
    handlers.s                               0x00000000   Number         0  handlers.o ABSOLUTE
    init.s                                   0x00000000   Number         0  init.o ABSOLUTE
    RESET                                    0x08000000   Section      304  startup_stm32f10x_hd.o(RESET)
    .ARM.Collect$$$$00000000                 0x08000130   Section        0  entry.o(.ARM.Collect$$$$00000000)
    .ARM.Collect$$$$00000001                 0x08000130   Section        4  entry2.o(.ARM.Collect$$$$00000001)
    .ARM.Collect$$$$00000004                 0x08000134   Section        4  entry5.o(.ARM.Collect$$$$00000004)
    .ARM.Collect$$$$00000008                 0x08000138   Section        0  entry7b.o(.ARM.Collect$$$$00000008)
    .ARM.Collect$$$$0000000A                 0x08000138   Section        0  entry8b.o(.ARM.Collect$$$$0000000A)
    .ARM.Collect$$$$0000000B                 0x08000138   Section        8  entry9a.o(.ARM.Collect$$$$0000000B)
    .ARM.Collect$$$$0000000D                 0x08000140   Section        0  entry10a.o(.ARM.Collect$$$$0000000D)
    .ARM.Collect$$$$0000000F                 0x08000140   Section        0  entry11a.o(.ARM.Collect$$$$0000000F)
    .ARM.Collect$$$$00002712                 0x08000140   Section        4  entry2.o(.ARM.Collect$$$$00002712)
    __lit__00000000                          0x08000140   Data           4  entry2.o(.ARM.Collect$$$$00002712)
    .text                                    0x08000144   Section       36  startup_stm32f10x_hd.o(.text)
    .text                                    0x08000168   Section        0  system_stm32f10x.o(.text)
    SetSysClockTo72                          0x08000169   Thumb Code   212  system_stm32f10x.o(.text)
    SetSysClock                              0x0800023d   Thumb Code     8  system_stm32f10x.o(.text)
    .text                                    0x08000344   Section        0  misc.o(.text)
    .text                                    0x08000420   Section        0  stm32f10x_gpio.o(.text)
    .text                                    0x08000778   Section        0  stm32f10x_rcc.o(.text)
    .text                                    0x08000b1c   Section        0  stm32f10x_spi.o(.text)
    .text                                    0x08000e28   Section        0  stm32f10x_usart.o(.text)
    .text                                    0x08001230   Section        0  main.o(.text)
    .text                                    0x08001810   Section        0  stm32f10x_it.o(.text)
    .text                                    0x08001834   Section        0  bsp_usart1.o(.text)
    Uart1_Put_Char                           0x0800192b   Thumb Code    34  bsp_usart1.o(.text)
    .text                                    0x080019cc   Section        0  bsp_spi_nrf.o(.text)
    .text                                    0x08001d60   Section        0  delay.o(.text)
    .text                                    0x08001dcc   Section        0  stm32_i2c.o(.text)
    I2C_delay                                0x08001dcd   Thumb Code    22  stm32_i2c.o(.text)
    I2C_Start                                0x08001de3   Thumb Code    90  stm32_i2c.o(.text)
    I2C_Stop                                 0x08001e3d   Thumb Code    56  stm32_i2c.o(.text)
    I2C_Ack                                  0x08001e75   Thumb Code    58  stm32_i2c.o(.text)
    I2C_NoAck                                0x08001eaf   Thumb Code    56  stm32_i2c.o(.text)
    I2C_WaitAck                              0x08001ee7   Thumb Code    80  stm32_i2c.o(.text)
    I2C_SendByte                             0x08001f37   Thumb Code    90  stm32_i2c.o(.text)
    I2C_ReceiveByte                          0x08001f91   Thumb Code    84  stm32_i2c.o(.text)
    .text                                    0x08002188   Section        0  inv_mpu.o(.text)
    set_int_enable                           0x08002189   Thumb Code   138  inv_mpu.o(.text)
    get_accel_prod_shift                     0x080033d9   Thumb Code   168  inv_mpu.o(.text)
    accel_self_test                          0x08003481   Thumb Code   160  inv_mpu.o(.text)
    gyro_self_test                           0x08003521   Thumb Code   276  inv_mpu.o(.text)
    get_st_biases                            0x08003635   Thumb Code  1136  inv_mpu.o(.text)
    .text                                    0x08004018   Section        0  inv_mpu_dmp_motion_driver.o(.text)
    decode_gesture                           0x08004acd   Thumb Code    94  inv_mpu_dmp_motion_driver.o(.text)
    .text                                    0x08004d84   Section        0  ldiv.o(.text)
    .text                                    0x08004dde   Section        0  memcpya.o(.text)
    .text                                    0x08004e02   Section        0  memseta.o(.text)
    .text                                    0x08004e26   Section        0  strcat.o(.text)
    .text                                    0x08004e3e   Section        0  memcmp.o(.text)
    .text                                    0x08004e58   Section        0  fadd.o(.text)
    .text                                    0x08004f08   Section        0  fmul.o(.text)
    .text                                    0x08004f74   Section        0  fdiv.o(.text)
    .text                                    0x08004ff4   Section        0  dadd.o(.text)
    .text                                    0x08005142   Section        0  dmul.o(.text)
    .text                                    0x08005226   Section        0  fflti.o(.text)
    .text                                    0x08005238   Section        0  ffltui.o(.text)
    .text                                    0x08005242   Section        0  ffixi.o(.text)
    .text                                    0x08005274   Section        0  ffixui.o(.text)
    .text                                    0x0800529c   Section        0  f2d.o(.text)
    .text                                    0x080052c2   Section        0  d2f.o(.text)
    .text                                    0x080052fc   Section       20  cfcmple.o(.text)
    .text                                    0x08005310   Section       20  cfrcmple.o(.text)
    .text                                    0x08005324   Section        0  uidiv.o(.text)
    .text                                    0x08005350   Section        0  uldiv.o(.text)
    .text                                    0x080053b2   Section        0  llshl.o(.text)
    .text                                    0x080053d0   Section        0  llsshr.o(.text)
    .text                                    0x080053f4   Section        0  fepilogue.o(.text)
    .text                                    0x080053f4   Section        0  iusefp.o(.text)
    .text                                    0x08005460   Section        0  depilogue.o(.text)
    .text                                    0x0800551e   Section        0  ddiv.o(.text)
    .text                                    0x080055fc   Section        0  dscalb.o(.text)
    .text                                    0x0800562c   Section       36  init.o(.text)
    .text                                    0x08005650   Section        0  llushr.o(.text)
    .text                                    0x08005670   Section        0  dsqrt.o(.text)
    i.__0printf$6                            0x08005714   Section        0  printf6.o(i.__0printf$6)
    i.__0sprintf$6                           0x08005734   Section        0  printf6.o(i.__0sprintf$6)
    i.__ARM_fpclassify                       0x0800575c   Section        0  fpclassify.o(i.__ARM_fpclassify)
    i.__kernel_poly                          0x08005784   Section        0  poly.o(i.__kernel_poly)
    i.__mathlib_dbl_underflow                0x08005830   Section        0  dunder.o(i.__mathlib_dbl_underflow)
    i.__scatterload_copy                     0x08005840   Section       14  handlers.o(i.__scatterload_copy)
    i.__scatterload_null                     0x0800584e   Section        2  handlers.o(i.__scatterload_null)
    i.__scatterload_zeroinit                 0x08005850   Section       14  handlers.o(i.__scatterload_zeroinit)
    i.__set_errno                            0x08005860   Section        0  errno.o(i.__set_errno)
    i._printf_core                           0x0800586c   Section        0  printf6.o(i._printf_core)
    _printf_core                             0x0800586d   Thumb Code   750  printf6.o(i._printf_core)
    i._printf_post_padding                   0x08005b60   Section        0  printf6.o(i._printf_post_padding)
    _printf_post_padding                     0x08005b61   Thumb Code    38  printf6.o(i._printf_post_padding)
    i._printf_pre_padding                    0x08005b86   Section        0  printf6.o(i._printf_pre_padding)
    _printf_pre_padding                      0x08005b87   Thumb Code    48  printf6.o(i._printf_pre_padding)
    i._sputc                                 0x08005bb6   Section        0  printf6.o(i._sputc)
    _sputc                                   0x08005bb7   Thumb Code    10  printf6.o(i._sputc)
    i.asin                                   0x08005bc0   Section        0  asin.o(i.asin)
    i.atan                                   0x08005e3c   Section        0  atan.o(i.atan)
    i.atan2                                  0x08006060   Section        0  atan2.o(i.atan2)
    i.sqrt                                   0x080061e0   Section        0  sqrt.o(i.sqrt)
    .constdata                               0x0800622c   Section      100  main.o(.constdata)
    .constdata                               0x08006290   Section      157  inv_mpu.o(.constdata)
    .constdata                               0x0800632d   Section     3062  inv_mpu_dmp_motion_driver.o(.constdata)
    dmp_memory                               0x0800632d   Data        3062  inv_mpu_dmp_motion_driver.o(.constdata)
    .constdata                               0x08006f28   Section       80  asin.o(.constdata)
    pS                                       0x08006f28   Data          48  asin.o(.constdata)
    qS                                       0x08006f58   Data          32  asin.o(.constdata)
    .constdata                               0x08006f78   Section      152  atan.o(.constdata)
    atanhi                                   0x08006f78   Data          32  atan.o(.constdata)
    atanlo                                   0x08006f98   Data          32  atan.o(.constdata)
    aTodd                                    0x08006fb8   Data          40  atan.o(.constdata)
    aTeven                                   0x08006fe0   Data          48  atan.o(.constdata)
    .constdata                               0x08007010   Section        8  qnan.o(.constdata)
    .data                                    0x20000000   Section       20  system_stm32f10x.o(.data)
    .data                                    0x20000014   Section       20  stm32f10x_rcc.o(.data)
    APBAHBPrescTable                         0x20000014   Data          16  stm32f10x_rcc.o(.data)
    ADCPrescTable                            0x20000024   Data           4  stm32f10x_rcc.o(.data)
    .data                                    0x20000028   Section       36  main.o(.data)
    .data                                    0x2000004c   Section        2  bsp_usart1.o(.data)
    .data                                    0x2000004e   Section       30  bsp_spi_nrf.o(.data)
    .data                                    0x2000006c   Section       44  inv_mpu.o(.data)
    st                                       0x2000006c   Data          44  inv_mpu.o(.data)
    .data                                    0x20000098   Section        4  stdout.o(.data)
    .data                                    0x2000009c   Section        4  errno.o(.data)
    _errno                                   0x2000009c   Data           4  errno.o(.data)
    .bss                                     0x200000a0   Section      256  main.o(.bss)
    .bss                                     0x200001a0   Section      256  bsp_usart1.o(.bss)
    .bss                                     0x200002a0   Section       16  inv_mpu_dmp_motion_driver.o(.bss)
    dmp                                      0x200002a0   Data          16  inv_mpu_dmp_motion_driver.o(.bss)
    STACK                                    0x200002b0   Section     1024  startup_stm32f10x_hd.o(STACK)

    Global Symbols

    Symbol Name                              Value     Ov Type        Size  Object(Section)

    BuildAttributes$$THM_ISAv4$P$D$K$B$S$PE$A:L22UL41UL21$X:L11$S22US41US21$IEEE1$IW$USESV6$~STKCKD$USESV7$~SHL$OTIME$ROPI$IEEEX$EBA8$MICROLIB$REQ8$PRES8$EABIv2 0x00000000   Number         0  anon$$obj.o ABSOLUTE
    __ARM_use_no_argv                        0x00000000   Number         0  main.o ABSOLUTE
    _printf_a                                0x00000000   Number         0  stubs.o ABSOLUTE
    _printf_c                                0x00000000   Number         0  stubs.o ABSOLUTE
    _printf_charcount                        0x00000000   Number         0  stubs.o ABSOLUTE
    _printf_d                                0x00000000   Number         0  stubs.o ABSOLUTE
    _printf_e                                0x00000000   Number         0  stubs.o ABSOLUTE
    _printf_f                                0x00000000   Number         0  stubs.o ABSOLUTE
    _printf_flags                            0x00000000   Number         0  stubs.o ABSOLUTE
    _printf_fp_dec                           0x00000000   Number         0  stubs.o ABSOLUTE
    _printf_fp_hex                           0x00000000   Number         0  stubs.o ABSOLUTE
    _printf_g                                0x00000000   Number         0  stubs.o ABSOLUTE
    _printf_i                                0x00000000   Number         0  stubs.o ABSOLUTE
    _printf_int_dec                          0x00000000   Number         0  stubs.o ABSOLUTE
    _printf_l                                0x00000000   Number         0  stubs.o ABSOLUTE
    _printf_lc                               0x00000000   Number         0  stubs.o ABSOLUTE
    _printf_ll                               0x00000000   Number         0  stubs.o ABSOLUTE
    _printf_lld                              0x00000000   Number         0  stubs.o ABSOLUTE
    _printf_lli                              0x00000000   Number         0  stubs.o ABSOLUTE
    _printf_llo                              0x00000000   Number         0  stubs.o ABSOLUTE
    _printf_llu                              0x00000000   Number         0  stubs.o ABSOLUTE
    _printf_llx                              0x00000000   Number         0  stubs.o ABSOLUTE
    _printf_longlong_dec                     0x00000000   Number         0  stubs.o ABSOLUTE
    _printf_longlong_hex                     0x00000000   Number         0  stubs.o ABSOLUTE
    _printf_longlong_oct                     0x00000000   Number         0  stubs.o ABSOLUTE
    _printf_ls                               0x00000000   Number         0  stubs.o ABSOLUTE
    _printf_mbtowc                           0x00000000   Number         0  stubs.o ABSOLUTE
    _printf_n                                0x00000000   Number         0  stubs.o ABSOLUTE
    _printf_o                                0x00000000   Number         0  stubs.o ABSOLUTE
    _printf_p                                0x00000000   Number         0  stubs.o ABSOLUTE
    _printf_percent                          0x00000000   Number         0  stubs.o ABSOLUTE
    _printf_pre_padding                      0x00000000   Number         0  stubs.o ABSOLUTE
    _printf_return_value                     0x00000000   Number         0  stubs.o ABSOLUTE
    _printf_s                                0x00000000   Number         0  stubs.o ABSOLUTE
    _printf_sizespec                         0x00000000   Number         0  stubs.o ABSOLUTE
    _printf_str                              0x00000000   Number         0  stubs.o ABSOLUTE
    _printf_truncate_signed                  0x00000000   Number         0  stubs.o ABSOLUTE
    _printf_truncate_unsigned                0x00000000   Number         0  stubs.o ABSOLUTE
    _printf_u                                0x00000000   Number         0  stubs.o ABSOLUTE
    _printf_wc                               0x00000000   Number         0  stubs.o ABSOLUTE
    _printf_wctomb                           0x00000000   Number         0  stubs.o ABSOLUTE
    _printf_widthprec                        0x00000000   Number         0  stubs.o ABSOLUTE
    _printf_x                                0x00000000   Number         0  stubs.o ABSOLUTE
    __cpp_initialize__aeabi_                  - Undefined Weak Reference
    __cxa_finalize                            - Undefined Weak Reference
    __decompress                              - Undefined Weak Reference
    _clock_init                               - Undefined Weak Reference
    _microlib_exit                            - Undefined Weak Reference
    __Vectors_Size                           0x00000130   Number         0  startup_stm32f10x_hd.o ABSOLUTE
    __Vectors                                0x08000000   Data           4  startup_stm32f10x_hd.o(RESET)
    __Vectors_End                            0x08000130   Data           0  startup_stm32f10x_hd.o(RESET)
    __main                                   0x08000131   Thumb Code     0  entry.o(.ARM.Collect$$$$00000000)
    _main_stk                                0x08000131   Thumb Code     0  entry2.o(.ARM.Collect$$$$00000001)
    _main_scatterload                        0x08000135   Thumb Code     0  entry5.o(.ARM.Collect$$$$00000004)
    __main_after_scatterload                 0x08000139   Thumb Code     0  entry5.o(.ARM.Collect$$$$00000004)
    _main_clock                              0x08000139   Thumb Code     0  entry7b.o(.ARM.Collect$$$$00000008)
    _main_cpp_init                           0x08000139   Thumb Code     0  entry8b.o(.ARM.Collect$$$$0000000A)
    _main_init                               0x08000139   Thumb Code     0  entry9a.o(.ARM.Collect$$$$0000000B)
    __rt_final_cpp                           0x08000141   Thumb Code     0  entry10a.o(.ARM.Collect$$$$0000000D)
    __rt_final_exit                          0x08000141   Thumb Code     0  entry11a.o(.ARM.Collect$$$$0000000F)
    Reset_Handler                            0x08000145   Thumb Code     8  startup_stm32f10x_hd.o(.text)
    ADC1_2_IRQHandler                        0x0800015f   Thumb Code     0  startup_stm32f10x_hd.o(.text)
    ADC3_IRQHandler                          0x0800015f   Thumb Code     0  startup_stm32f10x_hd.o(.text)
    CAN1_RX1_IRQHandler                      0x0800015f   Thumb Code     0  startup_stm32f10x_hd.o(.text)
    CAN1_SCE_IRQHandler                      0x0800015f   Thumb Code     0  startup_stm32f10x_hd.o(.text)
    DMA1_Channel1_IRQHandler                 0x0800015f   Thumb Code     0  startup_stm32f10x_hd.o(.text)
    DMA1_Channel2_IRQHandler                 0x0800015f   Thumb Code     0  startup_stm32f10x_hd.o(.text)
    DMA1_Channel3_IRQHandler                 0x0800015f   Thumb Code     0  startup_stm32f10x_hd.o(.text)
    DMA1_Channel4_IRQHandler                 0x0800015f   Thumb Code     0  startup_stm32f10x_hd.o(.text)
    DMA1_Channel5_IRQHandler                 0x0800015f   Thumb Code     0  startup_stm32f10x_hd.o(.text)
    DMA1_Channel6_IRQHandler                 0x0800015f   Thumb Code     0  startup_stm32f10x_hd.o(.text)
    DMA1_Channel7_IRQHandler                 0x0800015f   Thumb Code     0  startup_stm32f10x_hd.o(.text)
    DMA2_Channel1_IRQHandler                 0x0800015f   Thumb Code     0  startup_stm32f10x_hd.o(.text)
    DMA2_Channel2_IRQHandler                 0x0800015f   Thumb Code     0  startup_stm32f10x_hd.o(.text)
    DMA2_Channel3_IRQHandler                 0x0800015f   Thumb Code     0  startup_stm32f10x_hd.o(.text)
    DMA2_Channel4_5_IRQHandler               0x0800015f   Thumb Code     0  startup_stm32f10x_hd.o(.text)
    EXTI0_IRQHandler                         0x0800015f   Thumb Code     0  startup_stm32f10x_hd.o(.text)
    EXTI15_10_IRQHandler                     0x0800015f   Thumb Code     0  startup_stm32f10x_hd.o(.text)
    EXTI1_IRQHandler                         0x0800015f   Thumb Code     0  startup_stm32f10x_hd.o(.text)
    EXTI2_IRQHandler                         0x0800015f   Thumb Code     0  startup_stm32f10x_hd.o(.text)
    EXTI3_IRQHandler                         0x0800015f   Thumb Code     0  startup_stm32f10x_hd.o(.text)
    EXTI4_IRQHandler                         0x0800015f   Thumb Code     0  startup_stm32f10x_hd.o(.text)
    EXTI9_5_IRQHandler                       0x0800015f   Thumb Code     0  startup_stm32f10x_hd.o(.text)
    FLASH_IRQHandler                         0x0800015f   Thumb Code     0  startup_stm32f10x_hd.o(.text)
    FSMC_IRQHandler                          0x0800015f   Thumb Code     0  startup_stm32f10x_hd.o(.text)
    I2C1_ER_IRQHandler                       0x0800015f   Thumb Code     0  startup_stm32f10x_hd.o(.text)
    I2C1_EV_IRQHandler                       0x0800015f   Thumb Code     0  startup_stm32f10x_hd.o(.text)
    I2C2_ER_IRQHandler                       0x0800015f   Thumb Code     0  startup_stm32f10x_hd.o(.text)
    I2C2_EV_IRQHandler                       0x0800015f   Thumb Code     0  startup_stm32f10x_hd.o(.text)
    PVD_IRQHandler                           0x0800015f   Thumb Code     0  startup_stm32f10x_hd.o(.text)
    RCC_IRQHandler                           0x0800015f   Thumb Code     0  startup_stm32f10x_hd.o(.text)
    RTCAlarm_IRQHandler                      0x0800015f   Thumb Code     0  startup_stm32f10x_hd.o(.text)
    RTC_IRQHandler                           0x0800015f   Thumb Code     0  startup_stm32f10x_hd.o(.text)
    SDIO_IRQHandler                          0x0800015f   Thumb Code     0  startup_stm32f10x_hd.o(.text)
    SPI1_IRQHandler                          0x0800015f   Thumb Code     0  startup_stm32f10x_hd.o(.text)
    SPI2_IRQHandler                          0x0800015f   Thumb Code     0  startup_stm32f10x_hd.o(.text)
    SPI3_IRQHandler                          0x0800015f   Thumb Code     0  startup_stm32f10x_hd.o(.text)
    TAMPER_IRQHandler                        0x0800015f   Thumb Code     0  startup_stm32f10x_hd.o(.text)
    TIM1_BRK_IRQHandler                      0x0800015f   Thumb Code     0  startup_stm32f10x_hd.o(.text)
    TIM1_CC_IRQHandler                       0x0800015f   Thumb Code     0  startup_stm32f10x_hd.o(.text)
    TIM1_TRG_COM_IRQHandler                  0x0800015f   Thumb Code     0  startup_stm32f10x_hd.o(.text)
    TIM1_UP_IRQHandler                       0x0800015f   Thumb Code     0  startup_stm32f10x_hd.o(.text)
    TIM2_IRQHandler                          0x0800015f   Thumb Code     0  startup_stm32f10x_hd.o(.text)
    TIM3_IRQHandler                          0x0800015f   Thumb Code     0  startup_stm32f10x_hd.o(.text)
    TIM4_IRQHandler                          0x0800015f   Thumb Code     0  startup_stm32f10x_hd.o(.text)
    TIM5_IRQHandler                          0x0800015f   Thumb Code     0  startup_stm32f10x_hd.o(.text)
    TIM6_IRQHandler                          0x0800015f   Thumb Code     0  startup_stm32f10x_hd.o(.text)
    TIM7_IRQHandler                          0x0800015f   Thumb Code     0  startup_stm32f10x_hd.o(.text)
    TIM8_BRK_IRQHandler                      0x0800015f   Thumb Code     0  startup_stm32f10x_hd.o(.text)
    TIM8_CC_IRQHandler                       0x0800015f   Thumb Code     0  startup_stm32f10x_hd.o(.text)
    TIM8_TRG_COM_IRQHandler                  0x0800015f   Thumb Code     0  startup_stm32f10x_hd.o(.text)
    TIM8_UP_IRQHandler                       0x0800015f   Thumb Code     0  startup_stm32f10x_hd.o(.text)
    UART4_IRQHandler                         0x0800015f   Thumb Code     0  startup_stm32f10x_hd.o(.text)
    UART5_IRQHandler                         0x0800015f   Thumb Code     0  startup_stm32f10x_hd.o(.text)
    USART2_IRQHandler                        0x0800015f   Thumb Code     0  startup_stm32f10x_hd.o(.text)
    USART3_IRQHandler                        0x0800015f   Thumb Code     0  startup_stm32f10x_hd.o(.text)
    USBWakeUp_IRQHandler                     0x0800015f   Thumb Code     0  startup_stm32f10x_hd.o(.text)
    USB_HP_CAN1_TX_IRQHandler                0x0800015f   Thumb Code     0  startup_stm32f10x_hd.o(.text)
    USB_LP_CAN1_RX0_IRQHandler               0x0800015f   Thumb Code     0  startup_stm32f10x_hd.o(.text)
    WWDG_IRQHandler                          0x0800015f   Thumb Code     0  startup_stm32f10x_hd.o(.text)
    SystemInit                               0x08000245   Thumb Code    78  system_stm32f10x.o(.text)
    SystemCoreClockUpdate                    0x08000293   Thumb Code   142  system_stm32f10x.o(.text)
    NVIC_PriorityGroupConfig                 0x08000345   Thumb Code    10  misc.o(.text)
    NVIC_Init                                0x0800034f   Thumb Code   102  misc.o(.text)
    NVIC_SetVectorTable                      0x080003b5   Thumb Code    14  misc.o(.text)
    NVIC_SystemLPConfig                      0x080003c3   Thumb Code    34  misc.o(.text)
    SysTick_CLKSourceConfig                  0x080003e5   Thumb Code    40  misc.o(.text)
    GPIO_DeInit                              0x08000421   Thumb Code   172  stm32f10x_gpio.o(.text)
    GPIO_AFIODeInit                          0x080004cd   Thumb Code    20  stm32f10x_gpio.o(.text)
    GPIO_Init                                0x080004e1   Thumb Code   274  stm32f10x_gpio.o(.text)
    GPIO_StructInit                          0x080005f3   Thumb Code    16  stm32f10x_gpio.o(.text)
    GPIO_ReadInputDataBit                    0x08000603   Thumb Code    18  stm32f10x_gpio.o(.text)
    GPIO_ReadInputData                       0x08000615   Thumb Code     8  stm32f10x_gpio.o(.text)
    GPIO_ReadOutputDataBit                   0x0800061d   Thumb Code    18  stm32f10x_gpio.o(.text)
    GPIO_ReadOutputData                      0x0800062f   Thumb Code     8  stm32f10x_gpio.o(.text)
    GPIO_SetBits                             0x08000637   Thumb Code     4  stm32f10x_gpio.o(.text)
    GPIO_ResetBits                           0x0800063b   Thumb Code     4  stm32f10x_gpio.o(.text)
    GPIO_WriteBit                            0x0800063f   Thumb Code    10  stm32f10x_gpio.o(.text)
    GPIO_Write                               0x08000649   Thumb Code     4  stm32f10x_gpio.o(.text)
    GPIO_PinLockConfig                       0x0800064d   Thumb Code    18  stm32f10x_gpio.o(.text)
    GPIO_EventOutputConfig                   0x0800065f   Thumb Code    26  stm32f10x_gpio.o(.text)
    GPIO_EventOutputCmd                      0x08000679   Thumb Code     6  stm32f10x_gpio.o(.text)
    GPIO_PinRemapConfig                      0x0800067f   Thumb Code   138  stm32f10x_gpio.o(.text)
    GPIO_EXTILineConfig                      0x08000709   Thumb Code    66  stm32f10x_gpio.o(.text)
    GPIO_ETH_MediaInterfaceConfig            0x0800074b   Thumb Code     6  stm32f10x_gpio.o(.text)
    RCC_DeInit                               0x08000779   Thumb Code    64  stm32f10x_rcc.o(.text)
    RCC_HSEConfig                            0x080007b9   Thumb Code    70  stm32f10x_rcc.o(.text)
    RCC_GetFlagStatus                        0x080007ff   Thumb Code    56  stm32f10x_rcc.o(.text)
    RCC_WaitForHSEStartUp                    0x08000837   Thumb Code    56  stm32f10x_rcc.o(.text)
    RCC_AdjustHSICalibrationValue            0x0800086f   Thumb Code    20  stm32f10x_rcc.o(.text)
    RCC_HSICmd                               0x08000883   Thumb Code     6  stm32f10x_rcc.o(.text)
    RCC_PLLConfig                            0x08000889   Thumb Code    24  stm32f10x_rcc.o(.text)
    RCC_PLLCmd                               0x080008a1   Thumb Code     6  stm32f10x_rcc.o(.text)
    RCC_SYSCLKConfig                         0x080008a7   Thumb Code    18  stm32f10x_rcc.o(.text)
    RCC_GetSYSCLKSource                      0x080008b9   Thumb Code    10  stm32f10x_rcc.o(.text)
    RCC_HCLKConfig                           0x080008c3   Thumb Code    18  stm32f10x_rcc.o(.text)
    RCC_PCLK1Config                          0x080008d5   Thumb Code    18  stm32f10x_rcc.o(.text)
    RCC_PCLK2Config                          0x080008e7   Thumb Code    20  stm32f10x_rcc.o(.text)
    RCC_ITConfig                             0x080008fb   Thumb Code    26  stm32f10x_rcc.o(.text)
    RCC_USBCLKConfig                         0x08000915   Thumb Code     6  stm32f10x_rcc.o(.text)
    RCC_ADCCLKConfig                         0x0800091b   Thumb Code    18  stm32f10x_rcc.o(.text)
    RCC_LSEConfig                            0x0800092d   Thumb Code    44  stm32f10x_rcc.o(.text)
    RCC_LSICmd                               0x08000959   Thumb Code     6  stm32f10x_rcc.o(.text)
    RCC_RTCCLKConfig                         0x0800095f   Thumb Code    12  stm32f10x_rcc.o(.text)
    RCC_RTCCLKCmd                            0x0800096b   Thumb Code     8  stm32f10x_rcc.o(.text)
    RCC_GetClocksFreq                        0x08000973   Thumb Code   192  stm32f10x_rcc.o(.text)
    RCC_AHBPeriphClockCmd                    0x08000a33   Thumb Code    26  stm32f10x_rcc.o(.text)
    RCC_APB2PeriphClockCmd                   0x08000a4d   Thumb Code    26  stm32f10x_rcc.o(.text)
    RCC_APB1PeriphClockCmd                   0x08000a67   Thumb Code    26  stm32f10x_rcc.o(.text)
    RCC_APB2PeriphResetCmd                   0x08000a81   Thumb Code    26  stm32f10x_rcc.o(.text)
    RCC_APB1PeriphResetCmd                   0x08000a9b   Thumb Code    26  stm32f10x_rcc.o(.text)
    RCC_BackupResetCmd                       0x08000ab5   Thumb Code     8  stm32f10x_rcc.o(.text)
    RCC_ClockSecuritySystemCmd               0x08000abd   Thumb Code     6  stm32f10x_rcc.o(.text)
    RCC_MCOConfig                            0x08000ac3   Thumb Code     6  stm32f10x_rcc.o(.text)
    RCC_ClearFlag                            0x08000ac9   Thumb Code    14  stm32f10x_rcc.o(.text)
    RCC_GetITStatus                          0x08000ad7   Thumb Code    20  stm32f10x_rcc.o(.text)
    RCC_ClearITPendingBit                    0x08000aeb   Thumb Code     6  stm32f10x_rcc.o(.text)
    SPI_I2S_DeInit                           0x08000b1d   Thumb Code    76  stm32f10x_spi.o(.text)
    SPI_Init                                 0x08000b69   Thumb Code    60  stm32f10x_spi.o(.text)
    I2S_Init                                 0x08000ba5   Thumb Code   226  stm32f10x_spi.o(.text)
    SPI_StructInit                           0x08000c87   Thumb Code    24  stm32f10x_spi.o(.text)
    I2S_StructInit                           0x08000c9f   Thumb Code    20  stm32f10x_spi.o(.text)
    SPI_Cmd                                  0x08000cb3   Thumb Code    24  stm32f10x_spi.o(.text)
    I2S_Cmd                                  0x08000ccb   Thumb Code    24  stm32f10x_spi.o(.text)
    SPI_I2S_ITConfig                         0x08000ce3   Thumb Code    32  stm32f10x_spi.o(.text)
    SPI_I2S_DMACmd                           0x08000d03   Thumb Code    18  stm32f10x_spi.o(.text)
    SPI_I2S_SendData                         0x08000d15   Thumb Code     4  stm32f10x_spi.o(.text)
    SPI_I2S_ReceiveData                      0x08000d19   Thumb Code     6  stm32f10x_spi.o(.text)
    SPI_NSSInternalSoftwareConfig            0x08000d1f   Thumb Code    30  stm32f10x_spi.o(.text)
    SPI_SSOutputCmd                          0x08000d3d   Thumb Code    24  stm32f10x_spi.o(.text)
    SPI_DataSizeConfig                       0x08000d55   Thumb Code    18  stm32f10x_spi.o(.text)
    SPI_TransmitCRC                          0x08000d67   Thumb Code    10  stm32f10x_spi.o(.text)
    SPI_CalculateCRC                         0x08000d71   Thumb Code    24  stm32f10x_spi.o(.text)
    SPI_GetCRC                               0x08000d89   Thumb Code    16  stm32f10x_spi.o(.text)
    SPI_GetCRCPolynomial                     0x08000d99   Thumb Code     6  stm32f10x_spi.o(.text)
    SPI_BiDirectionalLineConfig              0x08000d9f   Thumb Code    28  stm32f10x_spi.o(.text)
    SPI_I2S_GetFlagStatus                    0x08000dbb   Thumb Code    18  stm32f10x_spi.o(.text)
    SPI_I2S_ClearFlag                        0x08000dcd   Thumb Code     6  stm32f10x_spi.o(.text)
    SPI_I2S_GetITStatus                      0x08000dd3   Thumb Code    52  stm32f10x_spi.o(.text)
    SPI_I2S_ClearITPendingBit                0x08000e07   Thumb Code    20  stm32f10x_spi.o(.text)
    USART_DeInit                             0x08000e29   Thumb Code   134  stm32f10x_usart.o(.text)
    USART_Init                               0x08000eaf   Thumb Code   210  stm32f10x_usart.o(.text)
    USART_StructInit                         0x08000f81   Thumb Code    24  stm32f10x_usart.o(.text)
    USART_ClockInit                          0x08000f99   Thumb Code    34  stm32f10x_usart.o(.text)
    USART_ClockStructInit                    0x08000fbb   Thumb Code    12  stm32f10x_usart.o(.text)
    USART_Cmd                                0x08000fc7   Thumb Code    24  stm32f10x_usart.o(.text)
    USART_ITConfig                           0x08000fdf   Thumb Code    74  stm32f10x_usart.o(.text)
    USART_DMACmd                             0x08001029   Thumb Code    18  stm32f10x_usart.o(.text)
    USART_SetAddress                         0x0800103b   Thumb Code    18  stm32f10x_usart.o(.text)
    USART_WakeUpConfig                       0x0800104d   Thumb Code    18  stm32f10x_usart.o(.text)
    USART_ReceiverWakeUpCmd                  0x0800105f   Thumb Code    24  stm32f10x_usart.o(.text)
    USART_LINBreakDetectLengthConfig         0x08001077   Thumb Code    18  stm32f10x_usart.o(.text)
    USART_LINCmd                             0x08001089   Thumb Code    24  stm32f10x_usart.o(.text)
    USART_SendData                           0x080010a1   Thumb Code     8  stm32f10x_usart.o(.text)
    USART_ReceiveData                        0x080010a9   Thumb Code    10  stm32f10x_usart.o(.text)
    USART_SendBreak                          0x080010b3   Thumb Code    10  stm32f10x_usart.o(.text)
    USART_SetGuardTime                       0x080010bd   Thumb Code    16  stm32f10x_usart.o(.text)
    USART_SetPrescaler                       0x080010cd   Thumb Code    16  stm32f10x_usart.o(.text)
    USART_SmartCardCmd                       0x080010dd   Thumb Code    24  stm32f10x_usart.o(.text)
    USART_SmartCardNACKCmd                   0x080010f5   Thumb Code    24  stm32f10x_usart.o(.text)
    USART_HalfDuplexCmd                      0x0800110d   Thumb Code    24  stm32f10x_usart.o(.text)
    USART_OverSampling8Cmd                   0x08001125   Thumb Code    22  stm32f10x_usart.o(.text)
    USART_OneBitMethodCmd                    0x0800113b   Thumb Code    24  stm32f10x_usart.o(.text)
    USART_IrDAConfig                         0x08001153   Thumb Code    18  stm32f10x_usart.o(.text)
    USART_IrDACmd                            0x08001165   Thumb Code    24  stm32f10x_usart.o(.text)
    USART_GetFlagStatus                      0x0800117d   Thumb Code    26  stm32f10x_usart.o(.text)
    USART_ClearFlag                          0x08001197   Thumb Code    18  stm32f10x_usart.o(.text)
    USART_GetITStatus                        0x080011a9   Thumb Code    84  stm32f10x_usart.o(.text)
    USART_ClearITPendingBit                  0x080011fd   Thumb Code    52  stm32f10x_usart.o(.text)
    qiehuan                                  0x08001231   Thumb Code   112  main.o(.text)
    StringToChar                             0x080012a1   Thumb Code   198  main.o(.text)
    Nvic_Init                                0x08001367   Thumb Code    42  main.o(.text)
    main                                     0x08001391   Thumb Code   318  main.o(.text)
    FloatToInt                               0x080014cf   Thumb Code    60  main.o(.text)
    DMP_Value_Init                           0x0800150b   Thumb Code   728  main.o(.text)
    NMI_Handler                              0x08001811   Thumb Code     2  stm32f10x_it.o(.text)
    HardFault_Handler                        0x08001813   Thumb Code     4  stm32f10x_it.o(.text)
    USART1_IRQHandler                        0x08001817   Thumb Code     8  stm32f10x_it.o(.text)
    MemManage_Handler                        0x0800181f   Thumb Code     4  stm32f10x_it.o(.text)
    BusFault_Handler                         0x08001823   Thumb Code     4  stm32f10x_it.o(.text)
    UsageFault_Handler                       0x08001827   Thumb Code     4  stm32f10x_it.o(.text)
    SVC_Handler                              0x0800182b   Thumb Code     2  stm32f10x_it.o(.text)
    DebugMon_Handler                         0x0800182d   Thumb Code     2  stm32f10x_it.o(.text)
    PendSV_Handler                           0x0800182f   Thumb Code     2  stm32f10x_it.o(.text)
    SysTick_Handler                          0x08001831   Thumb Code     2  stm32f10x_it.o(.text)
    USART1_Config                            0x08001835   Thumb Code   126  bsp_usart1.o(.text)
    fputc                                    0x080018b3   Thumb Code    32  bsp_usart1.o(.text)
    fgetc                                    0x080018d3   Thumb Code    26  bsp_usart1.o(.text)
    Uart1_IRQ                                0x080018ed   Thumb Code    62  bsp_usart1.o(.text)
    Uart1_Put_String                         0x0800194d   Thumb Code    46  bsp_usart1.o(.text)
    Uart1_Put_Buf                            0x0800197b   Thumb Code    62  bsp_usart1.o(.text)
    Delay                                    0x080019cd   Thumb Code    18  bsp_spi_nrf.o(.text)
    SPI_NRF_Init                             0x080019df   Thumb Code   180  bsp_spi_nrf.o(.text)
    SPI_NRF_RW                               0x08001a93   Thumb Code    50  bsp_spi_nrf.o(.text)
    SPI_NRF_WriteReg                         0x08001ac5   Thumb Code    48  bsp_spi_nrf.o(.text)
    SPI_NRF_ReadReg                          0x08001af5   Thumb Code    46  bsp_spi_nrf.o(.text)
    SPI_NRF_ReadBuf                          0x08001b23   Thumb Code    68  bsp_spi_nrf.o(.text)
    SPI_NRF_WriteBuf                         0x08001b67   Thumb Code    68  bsp_spi_nrf.o(.text)
    NRF_RX_Mode                              0x08001bab   Thumb Code    70  bsp_spi_nrf.o(.text)
    NRF_TX_Mode                              0x08001bf1   Thumb Code    96  bsp_spi_nrf.o(.text)
    NRF_Check                                0x08001c51   Thumb Code    68  bsp_spi_nrf.o(.text)
    NRF_Tx_Dat                               0x08001c95   Thumb Code    92  bsp_spi_nrf.o(.text)
    NRF_Rx_Dat                               0x08001cf1   Thumb Code    82  bsp_spi_nrf.o(.text)
    delay_ms                                 0x08001d61   Thumb Code    54  delay.o(.text)
    delay_us                                 0x08001d97   Thumb Code    52  delay.o(.text)
    get_ms                                   0x08001dcb   Thumb Code     2  delay.o(.text)
    i2cInit                                  0x08001fe5   Thumb Code    42  stm32_i2c.o(.text)
    i2cWriteBuffer                           0x0800200f   Thumb Code   100  stm32_i2c.o(.text)
    i2cwrite                                 0x08002073   Thumb Code    38  stm32_i2c.o(.text)
    i2cRead                                  0x08002099   Thumb Code   120  stm32_i2c.o(.text)
    i2cread                                  0x08002111   Thumb Code    38  stm32_i2c.o(.text)
    i2cWrite                                 0x08002137   Thumb Code    72  stm32_i2c.o(.text)
    i2cGetErrorCounter                       0x0800217f   Thumb Code     4  stm32_i2c.o(.text)
    mpu_reg_dump                             0x08002213   Thumb Code    72  inv_mpu.o(.text)
    mpu_read_reg                             0x0800225b   Thumb Code    66  inv_mpu.o(.text)
    mpu_set_int_latched                      0x0800229d   Thumb Code   102  inv_mpu.o(.text)
    mpu_set_sensors                          0x08002303   Thumb Code   202  inv_mpu.o(.text)
    mpu_set_bypass                           0x080023cd   Thumb Code   328  inv_mpu.o(.text)
    mpu_reset_fifo                           0x08002515   Thumb Code   456  inv_mpu.o(.text)
    mpu_configure_fifo                       0x080026dd   Thumb Code   106  inv_mpu.o(.text)
    mpu_set_lpf                              0x08002747   Thumb Code   126  inv_mpu.o(.text)
    mpu_lp_accel_mode                        0x080027c5   Thumb Code   218  inv_mpu.o(.text)
    mpu_set_sample_rate                      0x0800289f   Thumb Code   152  inv_mpu.o(.text)
    mpu_set_accel_fsr                        0x08002937   Thumb Code   132  inv_mpu.o(.text)
    mpu_set_gyro_fsr                         0x080029bb   Thumb Code   132  inv_mpu.o(.text)
    mpu_init                                 0x08002a3f   Thumb Code   414  inv_mpu.o(.text)
    mpu_get_gyro_reg                         0x08002bdd   Thumb Code   110  inv_mpu.o(.text)
    mpu_get_accel_reg                        0x08002c4b   Thumb Code   110  inv_mpu.o(.text)
    mpu_get_temperature                      0x08002cb9   Thumb Code   150  inv_mpu.o(.text)
    mpu_set_accel_bias                       0x08002d4f   Thumb Code   468  inv_mpu.o(.text)
    mpu_get_gyro_fsr                         0x08002f23   Thumb Code    64  inv_mpu.o(.text)
    mpu_get_accel_fsr                        0x08002f63   Thumb Code    72  inv_mpu.o(.text)
    mpu_get_lpf                              0x08002fab   Thumb Code    74  inv_mpu.o(.text)
    mpu_get_sample_rate                      0x08002ff5   Thumb Code    26  inv_mpu.o(.text)
    mpu_get_compass_sample_rate              0x0800300f   Thumb Code    10  inv_mpu.o(.text)
    mpu_set_compass_sample_rate              0x08003019   Thumb Code     8  inv_mpu.o(.text)
    mpu_get_gyro_sens                        0x08003021   Thumb Code    58  inv_mpu.o(.text)
    mpu_get_accel_sens                       0x0800305b   Thumb Code    78  inv_mpu.o(.text)
    mpu_get_fifo_config                      0x080030a9   Thumb Code    12  inv_mpu.o(.text)
    mpu_get_power_state                      0x080030b5   Thumb Code    22  inv_mpu.o(.text)
    mpu_get_int_status                       0x080030cb   Thumb Code    64  inv_mpu.o(.text)
    mpu_read_fifo                            0x0800310b   Thumb Code   520  inv_mpu.o(.text)
    mpu_read_fifo_stream                     0x08003313   Thumb Code   186  inv_mpu.o(.text)
    mpu_set_int_level                        0x080033cd   Thumb Code    12  inv_mpu.o(.text)
    mpu_set_dmp_state                        0x08003aa5   Thumb Code   138  inv_mpu.o(.text)
    mpu_run_self_test                        0x08003b2f   Thumb Code   278  inv_mpu.o(.text)
    mpu_write_mem                            0x08003c45   Thumb Code   122  inv_mpu.o(.text)
    mpu_read_mem                             0x08003cbf   Thumb Code   122  inv_mpu.o(.text)
    mpu_load_firmware                        0x08003d39   Thumb Code   190  inv_mpu.o(.text)
    mpu_get_dmp_state                        0x08003df7   Thumb Code    14  inv_mpu.o(.text)
    mpu_get_compass_reg                      0x08003e05   Thumb Code     8  inv_mpu.o(.text)
    mpu_get_compass_fsr                      0x08003e0d   Thumb Code     8  inv_mpu.o(.text)
    mpu_lp_motion_interrupt                  0x08003e15   Thumb Code   512  inv_mpu.o(.text)
    dmp_load_motion_driver_firmware          0x08004019   Thumb Code    20  inv_mpu_dmp_motion_driver.o(.text)
    dmp_set_orientation                      0x0800402d   Thumb Code   290  inv_mpu_dmp_motion_driver.o(.text)
    dmp_set_gyro_bias                        0x0800414f   Thumb Code   294  inv_mpu_dmp_motion_driver.o(.text)
    dmp_set_accel_bias                       0x08004275   Thumb Code   300  inv_mpu_dmp_motion_driver.o(.text)
    dmp_set_fifo_rate                        0x080043a1   Thumb Code   136  inv_mpu_dmp_motion_driver.o(.text)
    dmp_get_fifo_rate                        0x08004429   Thumb Code    12  inv_mpu_dmp_motion_driver.o(.text)
    dmp_set_tap_thresh                       0x08004435   Thumb Code   396  inv_mpu_dmp_motion_driver.o(.text)
    dmp_set_tap_axes                         0x080045c1   Thumb Code    70  inv_mpu_dmp_motion_driver.o(.text)
    dmp_set_tap_count                        0x08004607   Thumb Code    38  inv_mpu_dmp_motion_driver.o(.text)
    dmp_set_tap_time                         0x0800462d   Thumb Code    38  inv_mpu_dmp_motion_driver.o(.text)
    dmp_set_tap_time_multi                   0x08004653   Thumb Code    38  inv_mpu_dmp_motion_driver.o(.text)
    dmp_set_shake_reject_thresh              0x08004679   Thumb Code    56  inv_mpu_dmp_motion_driver.o(.text)
    dmp_set_shake_reject_time                0x080046b1   Thumb Code    38  inv_mpu_dmp_motion_driver.o(.text)
    dmp_set_shake_reject_timeout             0x080046d7   Thumb Code    38  inv_mpu_dmp_motion_driver.o(.text)
    dmp_get_pedometer_step_count             0x080046fd   Thumb Code    66  inv_mpu_dmp_motion_driver.o(.text)
    dmp_set_pedometer_step_count             0x0800473f   Thumb Code    42  inv_mpu_dmp_motion_driver.o(.text)
    dmp_get_pedometer_walk_time              0x08004769   Thumb Code    72  inv_mpu_dmp_motion_driver.o(.text)
    dmp_set_pedometer_walk_time              0x080047b1   Thumb Code    48  inv_mpu_dmp_motion_driver.o(.text)
    dmp_enable_6x_lp_quat                    0x080047e1   Thumb Code    84  inv_mpu_dmp_motion_driver.o(.text)
    dmp_enable_lp_quat                       0x08004835   Thumb Code    60  inv_mpu_dmp_motion_driver.o(.text)
    dmp_enable_gyro_cal                      0x08004871   Thumb Code    62  inv_mpu_dmp_motion_driver.o(.text)
    dmp_enable_feature                       0x080048af   Thumb Code   530  inv_mpu_dmp_motion_driver.o(.text)
    dmp_get_enabled_features                 0x08004ac1   Thumb Code    12  inv_mpu_dmp_motion_driver.o(.text)
    dmp_set_interrupt_mode                   0x08004b2b   Thumb Code    66  inv_mpu_dmp_motion_driver.o(.text)
    dmp_read_fifo                            0x08004b6d   Thumb Code   512  inv_mpu_dmp_motion_driver.o(.text)
    dmp_register_tap_cb                      0x08004d6d   Thumb Code    10  inv_mpu_dmp_motion_driver.o(.text)
    dmp_register_android_orient_cb           0x08004d77   Thumb Code    10  inv_mpu_dmp_motion_driver.o(.text)
    __aeabi_ldivmod                          0x08004d85   Thumb Code    90  ldiv.o(.text)
    __aeabi_memcpy                           0x08004ddf   Thumb Code    36  memcpya.o(.text)
    __aeabi_memcpy4                          0x08004ddf   Thumb Code     0  memcpya.o(.text)
    __aeabi_memcpy8                          0x08004ddf   Thumb Code     0  memcpya.o(.text)
    __aeabi_memset                           0x08004e03   Thumb Code    14  memseta.o(.text)
    __aeabi_memset4                          0x08004e03   Thumb Code     0  memseta.o(.text)
    __aeabi_memset8                          0x08004e03   Thumb Code     0  memseta.o(.text)
    __aeabi_memclr                           0x08004e11   Thumb Code     4  memseta.o(.text)
    __aeabi_memclr4                          0x08004e11   Thumb Code     0  memseta.o(.text)
    __aeabi_memclr8                          0x08004e11   Thumb Code     0  memseta.o(.text)
    _memset$wrapper                          0x08004e15   Thumb Code    18  memseta.o(.text)
    strcat                                   0x08004e27   Thumb Code    24  strcat.o(.text)
    memcmp                                   0x08004e3f   Thumb Code    26  memcmp.o(.text)
    __aeabi_fadd                             0x08004e59   Thumb Code   164  fadd.o(.text)
    __aeabi_fsub                             0x08004efd   Thumb Code     6  fadd.o(.text)
    __aeabi_frsub                            0x08004f03   Thumb Code     6  fadd.o(.text)
    __aeabi_fmul                             0x08004f09   Thumb Code   108  fmul.o(.text)
    __aeabi_fdiv                             0x08004f75   Thumb Code   128  fdiv.o(.text)
    __aeabi_dadd                             0x08004ff5   Thumb Code   322  dadd.o(.text)
    __aeabi_dsub                             0x08005137   Thumb Code     6  dadd.o(.text)
    __aeabi_drsub                            0x0800513d   Thumb Code     6  dadd.o(.text)
    __aeabi_dmul                             0x08005143   Thumb Code   228  dmul.o(.text)
    __aeabi_i2f                              0x08005227   Thumb Code    18  fflti.o(.text)
    __aeabi_ui2f                             0x08005239   Thumb Code    10  ffltui.o(.text)
    __aeabi_f2iz                             0x08005243   Thumb Code    50  ffixi.o(.text)
    __aeabi_f2uiz                            0x08005275   Thumb Code    40  ffixui.o(.text)
    __aeabi_f2d                              0x0800529d   Thumb Code    38  f2d.o(.text)
    __aeabi_d2f                              0x080052c3   Thumb Code    56  d2f.o(.text)
    __aeabi_cfcmpeq                          0x080052fd   Thumb Code     0  cfcmple.o(.text)
    __aeabi_cfcmple                          0x080052fd   Thumb Code    20  cfcmple.o(.text)
    __aeabi_cfrcmple                         0x08005311   Thumb Code    20  cfrcmple.o(.text)
    __aeabi_uidiv                            0x08005325   Thumb Code     0  uidiv.o(.text)
    __aeabi_uidivmod                         0x08005325   Thumb Code    44  uidiv.o(.text)
    __aeabi_uldivmod                         0x08005351   Thumb Code    98  uldiv.o(.text)
    __aeabi_llsl                             0x080053b3   Thumb Code    30  llshl.o(.text)
    _ll_shift_l                              0x080053b3   Thumb Code     0  llshl.o(.text)
    __aeabi_lasr                             0x080053d1   Thumb Code    36  llsshr.o(.text)
    _ll_sshift_r                             0x080053d1   Thumb Code     0  llsshr.o(.text)
    __I$use$fp                               0x080053f5   Thumb Code     0  iusefp.o(.text)
    _float_round                             0x080053f5   Thumb Code    18  fepilogue.o(.text)
    _float_epilogue                          0x08005407   Thumb Code    90  fepilogue.o(.text)
    _double_round                            0x08005461   Thumb Code    26  depilogue.o(.text)
    _double_epilogue                         0x0800547b   Thumb Code   164  depilogue.o(.text)
    __aeabi_ddiv                             0x0800551f   Thumb Code   222  ddiv.o(.text)
    __ARM_scalbn                             0x080055fd   Thumb Code    46  dscalb.o(.text)
    scalbn                                   0x080055fd   Thumb Code     0  dscalb.o(.text)
    __scatterload                            0x0800562d   Thumb Code    28  init.o(.text)
    __scatterload_rt2                        0x0800562d   Thumb Code     0  init.o(.text)
    __aeabi_llsr                             0x08005651   Thumb Code    32  llushr.o(.text)
    _ll_ushift_r                             0x08005651   Thumb Code     0  llushr.o(.text)
    _dsqrt                                   0x08005671   Thumb Code   162  dsqrt.o(.text)
    __0printf$6                              0x08005715   Thumb Code    22  printf6.o(i.__0printf$6)
    __1printf$6                              0x08005715   Thumb Code     0  printf6.o(i.__0printf$6)
    __2printf                                0x08005715   Thumb Code     0  printf6.o(i.__0printf$6)
    __0sprintf$6                             0x08005735   Thumb Code    34  printf6.o(i.__0sprintf$6)
    __1sprintf$6                             0x08005735   Thumb Code     0  printf6.o(i.__0sprintf$6)
    __2sprintf                               0x08005735   Thumb Code     0  printf6.o(i.__0sprintf$6)
    __ARM_fpclassify                         0x0800575d   Thumb Code    40  fpclassify.o(i.__ARM_fpclassify)
    __kernel_poly                            0x08005785   Thumb Code   170  poly.o(i.__kernel_poly)
    __mathlib_dbl_underflow                  0x08005831   Thumb Code    10  dunder.o(i.__mathlib_dbl_underflow)
    __scatterload_copy                       0x08005841   Thumb Code    14  handlers.o(i.__scatterload_copy)
    __scatterload_null                       0x0800584f   Thumb Code     2  handlers.o(i.__scatterload_null)
    __scatterload_zeroinit                   0x08005851   Thumb Code    14  handlers.o(i.__scatterload_zeroinit)
    __set_errno                              0x08005861   Thumb Code     6  errno.o(i.__set_errno)
    asin                                     0x08005bc1   Thumb Code   584  asin.o(i.asin)
    atan                                     0x08005e3d   Thumb Code   478  atan.o(i.atan)
    atan2                                    0x08006061   Thumb Code   346  atan2.o(i.atan2)
    sqrt                                     0x080061e1   Thumb Code    76  sqrt.o(i.sqrt)
    hw                                       0x08006290   Data          12  inv_mpu.o(.constdata)
    reg                                      0x0800629c   Data          27  inv_mpu.o(.constdata)
    test                                     0x080062b8   Data          40  inv_mpu.o(.constdata)
    __mathlib_zero                           0x08007010   Data           8  qnan.o(.constdata)
    Region$$Table$$Base                      0x08007018   Number         0  anon$$obj.o(Region$$Table)
    Region$$Table$$Limit                     0x08007038   Number         0  anon$$obj.o(Region$$Table)
    SystemCoreClock                          0x20000000   Data           4  system_stm32f10x.o(.data)
    AHBPrescTable                            0x20000004   Data          16  system_stm32f10x.o(.data)
    i                                        0x20000028   Data           4  main.o(.data)
    q0                                       0x2000002c   Data           4  main.o(.data)
    q1                                       0x20000030   Data           4  main.o(.data)
    q2                                       0x20000034   Data           4  main.o(.data)
    q3                                       0x20000038   Data           4  main.o(.data)
    status                                   0x2000003c   Data           1  main.o(.data)
    Yaw                                      0x20000040   Data           4  main.o(.data)
    Roll                                     0x20000044   Data           4  main.o(.data)
    Pitch                                    0x20000048   Data           4  main.o(.data)
    TxCounter                                0x2000004c   Data           1  bsp_usart1.o(.data)
    count                                    0x2000004d   Data           1  bsp_usart1.o(.data)
    TX_ADDRESS                               0x2000004e   Data          15  bsp_spi_nrf.o(.data)
    RX_ADDRESS                               0x2000005d   Data          15  bsp_spi_nrf.o(.data)
    __stdout                                 0x20000098   Data           4  stdout.o(.data)
    rxbuf                                    0x200000a0   Data         256  main.o(.bss)
    TxBuffer                                 0x200001a0   Data         256  bsp_usart1.o(.bss)
    __initial_sp                             0x200006b0   Data           0  startup_stm32f10x_hd.o(STACK)



==============================================================================

Memory Map of the image

  Image Entry point : 0x08000131

  Load Region LR_IROM1 (Base: 0x08000000, Size: 0x000070d8, Max: 0x00010000, ABSOLUTE)

    Execution Region ER_IROM1 (Base: 0x08000000, Size: 0x00007038, Max: 0x00010000, ABSOLUTE)

    Base Addr    Size         Type   Attr      Idx    E Section Name        Object

    0x08000000   0x00000130   Data   RO            3    RESET               startup_stm32f10x_hd.o
    0x08000130   0x00000000   Code   RO          605  * .ARM.Collect$$$$00000000  mc_w.l(entry.o)
    0x08000130   0x00000004   Code   RO          932    .ARM.Collect$$$$00000001  mc_w.l(entry2.o)
    0x08000134   0x00000004   Code   RO          935    .ARM.Collect$$$$00000004  mc_w.l(entry5.o)
    0x08000138   0x00000000   Code   RO          937    .ARM.Collect$$$$00000008  mc_w.l(entry7b.o)
    0x08000138   0x00000000   Code   RO          939    .ARM.Collect$$$$0000000A  mc_w.l(entry8b.o)
    0x08000138   0x00000008   Code   RO          940    .ARM.Collect$$$$0000000B  mc_w.l(entry9a.o)
    0x08000140   0x00000000   Code   RO          942    .ARM.Collect$$$$0000000D  mc_w.l(entry10a.o)
    0x08000140   0x00000000   Code   RO          944    .ARM.Collect$$$$0000000F  mc_w.l(entry11a.o)
    0x08000140   0x00000004   Code   RO          933    .ARM.Collect$$$$00002712  mc_w.l(entry2.o)
    0x08000144   0x00000024   Code   RO            4    .text               startup_stm32f10x_hd.o
    0x08000168   0x000001dc   Code   RO           24    .text               system_stm32f10x.o
    0x08000344   0x000000dc   Code   RO           67    .text               misc.o
    0x08000420   0x00000358   Code   RO          248    .text               stm32f10x_gpio.o
    0x08000778   0x000003a4   Code   RO          305    .text               stm32f10x_rcc.o
    0x08000b1c   0x0000030c   Code   RO          349    .text               stm32f10x_spi.o
    0x08000e28   0x00000408   Code   RO          376    .text               stm32f10x_usart.o
    0x08001230   0x000005e0   Code   RO          403    .text               main.o
    0x08001810   0x00000022   Code   RO          452    .text               stm32f10x_it.o
    0x08001832   0x00000002   PAD
    0x08001834   0x00000198   Code   RO          467    .text               bsp_usart1.o
    0x080019cc   0x00000394   Code   RO          483    .text               bsp_spi_nrf.o
    0x08001d60   0x0000006c   Code   RO          499    .text               delay.o
    0x08001dcc   0x000003bc   Code   RO          525    .text               stm32_i2c.o
    0x08002188   0x00001e90   Code   RO          537    .text               inv_mpu.o
    0x08004018   0x00000d6c   Code   RO          563    .text               inv_mpu_dmp_motion_driver.o
    0x08004d84   0x0000005a   Code   RO          608    .text               mc_w.l(ldiv.o)
    0x08004dde   0x00000024   Code   RO          610    .text               mc_w.l(memcpya.o)
    0x08004e02   0x00000024   Code   RO          612    .text               mc_w.l(memseta.o)
    0x08004e26   0x00000018   Code   RO          614    .text               mc_w.l(strcat.o)
    0x08004e3e   0x0000001a   Code   RO          616    .text               mc_w.l(memcmp.o)
    0x08004e58   0x000000b0   Code   RO          881    .text               mf_w.l(fadd.o)
    0x08004f08   0x0000006c   Code   RO          883    .text               mf_w.l(fmul.o)
    0x08004f74   0x00000080   Code   RO          885    .text               mf_w.l(fdiv.o)
    0x08004ff4   0x0000014e   Code   RO          887    .text               mf_w.l(dadd.o)
    0x08005142   0x000000e4   Code   RO          889    .text               mf_w.l(dmul.o)
    0x08005226   0x00000012   Code   RO          891    .text               mf_w.l(fflti.o)
    0x08005238   0x0000000a   Code   RO          893    .text               mf_w.l(ffltui.o)
    0x08005242   0x00000032   Code   RO          895    .text               mf_w.l(ffixi.o)
    0x08005274   0x00000028   Code   RO          897    .text               mf_w.l(ffixui.o)
    0x0800529c   0x00000026   Code   RO          899    .text               mf_w.l(f2d.o)
    0x080052c2   0x00000038   Code   RO          901    .text               mf_w.l(d2f.o)
    0x080052fa   0x00000002   PAD
    0x080052fc   0x00000014   Code   RO          903    .text               mf_w.l(cfcmple.o)
    0x08005310   0x00000014   Code   RO          905    .text               mf_w.l(cfrcmple.o)
    0x08005324   0x0000002c   Code   RO          947    .text               mc_w.l(uidiv.o)
    0x08005350   0x00000062   Code   RO          949    .text               mc_w.l(uldiv.o)
    0x080053b2   0x0000001e   Code   RO          951    .text               mc_w.l(llshl.o)
    0x080053d0   0x00000024   Code   RO          953    .text               mc_w.l(llsshr.o)
    0x080053f4   0x00000000   Code   RO          962    .text               mc_w.l(iusefp.o)
    0x080053f4   0x0000006c   Code   RO          963    .text               mf_w.l(fepilogue.o)
    0x08005460   0x000000be   Code   RO          965    .text               mf_w.l(depilogue.o)
    0x0800551e   0x000000de   Code   RO          967    .text               mf_w.l(ddiv.o)
    0x080055fc   0x0000002e   Code   RO          969    .text               mf_w.l(dscalb.o)
    0x0800562a   0x00000002   PAD
    0x0800562c   0x00000024   Code   RO          975    .text               mc_w.l(init.o)
    0x08005650   0x00000020   Code   RO          977    .text               mc_w.l(llushr.o)
    0x08005670   0x000000a2   Code   RO          979    .text               mf_w.l(dsqrt.o)
    0x08005712   0x00000002   PAD
    0x08005714   0x00000020   Code   RO          775    i.__0printf$6       mc_w.l(printf6.o)
    0x08005734   0x00000028   Code   RO          777    i.__0sprintf$6      mc_w.l(printf6.o)
    0x0800575c   0x00000028   Code   RO          919    i.__ARM_fpclassify  m_ws.l(fpclassify.o)
    0x08005784   0x000000aa   Code   RO          921    i.__kernel_poly     m_ws.l(poly.o)
    0x0800582e   0x00000002   PAD
    0x08005830   0x00000010   Code   RO          917    i.__mathlib_dbl_underflow  m_ws.l(dunder.o)
    0x08005840   0x0000000e   Code   RO          985    i.__scatterload_copy  mc_w.l(handlers.o)
    0x0800584e   0x00000002   Code   RO          986    i.__scatterload_null  mc_w.l(handlers.o)
    0x08005850   0x0000000e   Code   RO          987    i.__scatterload_zeroinit  mc_w.l(handlers.o)
    0x0800585e   0x00000002   PAD
    0x08005860   0x0000000c   Code   RO          957    i.__set_errno       mc_w.l(errno.o)
    0x0800586c   0x000002f4   Code   RO          782    i._printf_core      mc_w.l(printf6.o)
    0x08005b60   0x00000026   Code   RO          783    i._printf_post_padding  mc_w.l(printf6.o)
    0x08005b86   0x00000030   Code   RO          784    i._printf_pre_padding  mc_w.l(printf6.o)
    0x08005bb6   0x0000000a   Code   RO          786    i._sputc            mc_w.l(printf6.o)
    0x08005bc0   0x0000027c   Code   RO          588    i.asin              m_ws.l(asin.o)
    0x08005e3c   0x00000224   Code   RO          908    i.atan              m_ws.l(atan.o)
    0x08006060   0x00000180   Code   RO          598    i.atan2             m_ws.l(atan2.o)
    0x080061e0   0x0000004c   Code   RO          925    i.sqrt              m_ws.l(sqrt.o)
    0x0800622c   0x00000064   Data   RO          405    .constdata          main.o
    0x08006290   0x0000009d   Data   RO          538    .constdata          inv_mpu.o
    0x0800632d   0x00000bf6   Data   RO          565    .constdata          inv_mpu_dmp_motion_driver.o
    0x08006f23   0x00000005   PAD
    0x08006f28   0x00000050   Data   RO          589    .constdata          m_ws.l(asin.o)
    0x08006f78   0x00000098   Data   RO          909    .constdata          m_ws.l(atan.o)
    0x08007010   0x00000008   Data   RO          923    .constdata          m_ws.l(qnan.o)
    0x08007018   0x00000020   Data   RO          983    Region$$Table       anon$$obj.o


    Execution Region RW_IRAM1 (Base: 0x20000000, Size: 0x000006b0, Max: 0x00005000, ABSOLUTE)

    Base Addr    Size         Type   Attr      Idx    E Section Name        Object

    0x20000000   0x00000014   Data   RW           25    .data               system_stm32f10x.o
    0x20000014   0x00000014   Data   RW          306    .data               stm32f10x_rcc.o
    0x20000028   0x00000024   Data   RW          406    .data               main.o
    0x2000004c   0x00000002   Data   RW          469    .data               bsp_usart1.o
    0x2000004e   0x0000001e   Data   RW          485    .data               bsp_spi_nrf.o
    0x2000006c   0x0000002c   Data   RW          539    .data               inv_mpu.o
    0x20000098   0x00000004   Data   RW          946    .data               mc_w.l(stdout.o)
    0x2000009c   0x00000004   Data   RW          958    .data               mc_w.l(errno.o)
    0x200000a0   0x00000100   Zero   RW          404    .bss                main.o
    0x200001a0   0x00000100   Zero   RW          468    .bss                bsp_usart1.o
    0x200002a0   0x00000010   Zero   RW          564    .bss                inv_mpu_dmp_motion_driver.o
    0x200002b0   0x00000400   Zero   RW            1    STACK               startup_stm32f10x_hd.o


==============================================================================

Image component sizes


      Code (inc. data)   RO Data    RW Data    ZI Data      Debug   Object Name

       916         30          0         30          0       4136   bsp_spi_nrf.o
       408         20          0          2        256       2368   bsp_usart1.o
         0          0          0          0          0       4212   core_cm3.o
       108          0          0          0          0        835   delay.o
      7824        172        157         44          0      20926   inv_mpu.o
      3436        124       3062          0         16      15051   inv_mpu_dmp_motion_driver.o
      1504        184        100         36        256       4376   main.o
       220         20          0          0          0       1805   misc.o
        36          8        304          0       1024        840   startup_stm32f10x_hd.o
       956          6          0          0          0       4210   stm32_i2c.o
       856         40          0          0          0       5649   stm32f10x_gpio.o
        34          0          0          0          0       1392   stm32f10x_it.o
       932         44          0         20          0       8820   stm32f10x_rcc.o
       780         14          0          0          0       6534   stm32f10x_spi.o
      1032         22          0          0          0       8376   stm32f10x_usart.o
       476         36          0         20          0     236795   system_stm32f10x.o

    ----------------------------------------------------------------------
     19520        720       3660        152       1552     326325   Object Totals
         0          0         32          0          0          0   (incl. Generated)
         2          0          5          0          0          0   (incl. Padding)

    ----------------------------------------------------------------------

      Code (inc. data)   RO Data    RW Data    ZI Data      Debug   Library Member Name

       636         52         80          0          0        168   asin.o
       548         70        152          0          0        124   atan.o
       384         38          0          0          0        144   atan2.o
        16          6          0          0          0         68   dunder.o
        40          0          0          0          0         68   fpclassify.o
       170          0          0          0          0         96   poly.o
         0          0          8          0          0          0   qnan.o
        76          0          0          0          0         84   sqrt.o
         0          0          0          0          0          0   entry.o
         0          0          0          0          0          0   entry10a.o
         0          0          0          0          0          0   entry11a.o
         8          4          0          0          0          0   entry2.o
         4          0          0          0          0          0   entry5.o
         0          0          0          0          0          0   entry7b.o
         0          0          0          0          0          0   entry8b.o
         8          4          0          0          0          0   entry9a.o
        12          6          0          4          0         68   errno.o
        30          0          0          0          0          0   handlers.o
        36          8          0          0          0         68   init.o
         0          0          0          0          0          0   iusefp.o
        90          0          0          0          0         84   ldiv.o
        30          0          0          0          0         68   llshl.o
        36          0          0          0          0         68   llsshr.o
        32          0          0          0          0         68   llushr.o
        26          0          0          0          0         80   memcmp.o
        36          0          0          0          0         68   memcpya.o
        36          0          0          0          0        108   memseta.o
       924         22          0          0          0        504   printf6.o
         0          0          0          4          0          0   stdout.o
        24          0          0          0          0         68   strcat.o
        44          0          0          0          0         80   uidiv.o
        98          0          0          0          0         92   uldiv.o
        20          0          0          0          0         68   cfcmple.o
        20          0          0          0          0         68   cfrcmple.o
        56          0          0          0          0         88   d2f.o
       334          0          0          0          0        148   dadd.o
       222          0          0          0          0        100   ddiv.o
       190          0          0          0          0        176   depilogue.o
       228          0          0          0          0         96   dmul.o
        46          0          0          0          0         80   dscalb.o
       162          0          0          0          0        100   dsqrt.o
        38          0          0          0          0         68   f2d.o
       176          0          0          0          0        140   fadd.o
       128          0          0          0          0         88   fdiv.o
       108          0          0          0          0        168   fepilogue.o
        50          0          0          0          0         68   ffixi.o
        40          0          0          0          0         68   ffixui.o
        18          0          0          0          0         68   fflti.o
        10          0          0          0          0         68   ffltui.o
       108          0          0          0          0         76   fmul.o

    ----------------------------------------------------------------------
      5308        210        240          8          0       3912   Library Totals
        10          0          0          0          0          0   (incl. Padding)

    ----------------------------------------------------------------------

      Code (inc. data)   RO Data    RW Data    ZI Data      Debug   Library Name

      1870        166        240          0          0        752   m_ws.l
      1474         44          0          8          0       1424   mc_w.l
      1954          0          0          0          0       1736   mf_w.l

    ----------------------------------------------------------------------
      5308        210        240          8          0       3912   Library Totals

    ----------------------------------------------------------------------

==============================================================================


      Code (inc. data)   RO Data    RW Data    ZI Data      Debug   

     24828        930       3900        160       1552     326753   Grand Totals
     24828        930       3900        160       1552     326753   ELF Image Totals
     24828        930       3900        160          0          0   ROM Totals

==============================================================================

    Total RO  Size (Code + RO Data)                28728 (  28.05kB)
    Total RW  Size (RW Data + ZI Data)              1712 (   1.67kB)
    Total ROM Size (Code + RO Data + RW Data)      28888 (  28.21kB)

==============================================================================

